20:28:44 **** Build of project motor_lynn_bsp ****
make -k all 
"Running Make include in ps7_cortexa9_0/libsrc/coresightps_dcc_v1_2/src"
make -C ps7_cortexa9_0/libsrc/coresightps_dcc_v1_2/src -s include  "SHELL=CMD" "COMPILER=arm-none-eabi-gcc" "ARCHIVER=arm-none-eabi-ar" "COMPILER_FLAGS=  -O2 -c" "EXTRA_COMPILER_FLAGS=-mcpu=cortex-a9 -mfpu=vfpv3 -mfloat-abi=hard -nostartfiles"
"Running Make include in ps7_cortexa9_0/libsrc/cpu_cortexa9_v2_2/src"
make -C ps7_cortexa9_0/libsrc/cpu_cortexa9_v2_2/src -s include  "SHELL=CMD" "COMPILER=arm-none-eabi-gcc" "ARCHIVER=arm-none-eabi-ar" "COMPILER_FLAGS=  -O2 -c" "EXTRA_COMPILER_FLAGS=-mcpu=cortex-a9 -mfpu=vfpv3 -mfloat-abi=hard -nostartfiles"
"Running Make include in ps7_cortexa9_0/libsrc/ddrps_v1_0/src"
make -C ps7_cortexa9_0/libsrc/ddrps_v1_0/src -s include  "SHELL=CMD" "COMPILER=arm-none-eabi-gcc" "ARCHIVER=arm-none-eabi-ar" "COMPILER_FLAGS=  -O2 -c" "EXTRA_COMPILER_FLAGS=-mcpu=cortex-a9 -mfpu=vfpv3 -mfloat-abi=hard -nostartfiles"
"Running Make include in ps7_cortexa9_0/libsrc/devcfg_v3_4/src"
make -C ps7_cortexa9_0/libsrc/devcfg_v3_4/src -s include  "SHELL=CMD" "COMPILER=arm-none-eabi-gcc" "ARCHIVER=arm-none-eabi-ar" "COMPILER_FLAGS=  -O2 -c" "EXTRA_COMPILER_FLAGS=-mcpu=cortex-a9 -mfpu=vfpv3 -mfloat-abi=hard -nostartfiles"
"Running Make include in ps7_cortexa9_0/libsrc/dmaps_v2_1/src"
make -C ps7_cortexa9_0/libsrc/dmaps_v2_1/src -s include  "SHELL=CMD" "COMPILER=arm-none-eabi-gcc" "ARCHIVER=arm-none-eabi-ar" "COMPILER_FLAGS=  -O2 -c" "EXTRA_COMPILER_FLAGS=-mcpu=cortex-a9 -mfpu=vfpv3 -mfloat-abi=hard -nostartfiles"
"Running Make include in ps7_cortexa9_0/libsrc/emacps_v3_2/src"
make -C ps7_cortexa9_0/libsrc/emacps_v3_2/src -s include  "SHELL=CMD" "COMPILER=arm-none-eabi-gcc" "ARCHIVER=arm-none-eabi-ar" "COMPILER_FLAGS=  -O2 -c" "EXTRA_COMPILER_FLAGS=-mcpu=cortex-a9 -mfpu=vfpv3 -mfloat-abi=hard -nostartfiles"
"Running Make include in ps7_cortexa9_0/libsrc/gpiops_v3_1/src"
make -C ps7_cortexa9_0/libsrc/gpiops_v3_1/src -s include  "SHELL=CMD" "COMPILER=arm-none-eabi-gcc" "ARCHIVER=arm-none-eabi-ar" "COMPILER_FLAGS=  -O2 -c" "EXTRA_COMPILER_FLAGS=-mcpu=cortex-a9 -mfpu=vfpv3 -mfloat-abi=hard -nostartfiles"
"Running Make include in ps7_cortexa9_0/libsrc/motor_v1_0/src"
make -C ps7_cortexa9_0/libsrc/motor_v1_0/src -s include  "SHELL=CMD" "COMPILER=arm-none-eabi-gcc" "ARCHIVER=arm-none-eabi-ar" "COMPILER_FLAGS=  -O2 -c" "EXTRA_COMPILER_FLAGS=-mcpu=cortex-a9 -mfpu=vfpv3 -mfloat-abi=hard -nostartfiles"
"Running Make include in ps7_cortexa9_0/libsrc/qspips_v3_3/src"
make -C ps7_cortexa9_0/libsrc/qspips_v3_3/src -s include  "SHELL=CMD" "COMPILER=arm-none-eabi-gcc" "ARCHIVER=arm-none-eabi-ar" "COMPILER_FLAGS=  -O2 -c" "EXTRA_COMPILER_FLAGS=-mcpu=cortex-a9 -mfpu=vfpv3 -mfloat-abi=hard -nostartfiles"
"Running Make include in ps7_cortexa9_0/libsrc/scugic_v3_3/src"
make -C ps7_cortexa9_0/libsrc/scugic_v3_3/src -s include  "SHELL=CMD" "COMPILER=arm-none-eabi-gcc" "ARCHIVER=arm-none-eabi-ar" "COMPILER_FLAGS=  -O2 -c" "EXTRA_COMPILER_FLAGS=-mcpu=cortex-a9 -mfpu=vfpv3 -mfloat-abi=hard -nostartfiles"
"Running Make include in ps7_cortexa9_0/libsrc/scutimer_v2_1/src"
make -C ps7_cortexa9_0/libsrc/scutimer_v2_1/src -s include  "SHELL=CMD" "COMPILER=arm-none-eabi-gcc" "ARCHIVER=arm-none-eabi-ar" "COMPILER_FLAGS=  -O2 -c" "EXTRA_COMPILER_FLAGS=-mcpu=cortex-a9 -mfpu=vfpv3 -mfloat-abi=hard -nostartfiles"
"Running Make include in ps7_cortexa9_0/libsrc/scuwdt_v2_1/src"
make -C ps7_cortexa9_0/libsrc/scuwdt_v2_1/src -s include  "SHELL=CMD" "COMPILER=arm-none-eabi-gcc" "ARCHIVER=arm-none-eabi-ar" "COMPILER_FLAGS=  -O2 -c" "EXTRA_COMPILER_FLAGS=-mcpu=cortex-a9 -mfpu=vfpv3 -mfloat-abi=hard -nostartfiles"
"Running Make include in ps7_cortexa9_0/libsrc/sdps_v2_8/src"
make -C ps7_cortexa9_0/libsrc/sdps_v2_8/src -s include  "SHELL=CMD" "COMPILER=arm-none-eabi-gcc" "ARCHIVER=arm-none-eabi-ar" "COMPILER_FLAGS=  -O2 -c" "EXTRA_COMPILER_FLAGS=-mcpu=cortex-a9 -mfpu=vfpv3 -mfloat-abi=hard -nostartfiles"
"Running Make include in ps7_cortexa9_0/libsrc/standalone_v5_5/src"
make -C ps7_cortexa9_0/libsrc/standalone_v5_5/src -s include  "SHELL=CMD" "COMPILER=arm-none-eabi-gcc" "ARCHIVER=arm-none-eabi-ar" "COMPILER_FLAGS=  -O2 -c" "EXTRA_COMPILER_FLAGS=-mcpu=cortex-a9 -mfpu=vfpv3 -mfloat-abi=hard -nostartfiles"
"Running Make include in ps7_cortexa9_0/libsrc/ttcps_v3_1/src"
make -C ps7_cortexa9_0/libsrc/ttcps_v3_1/src -s include  "SHELL=CMD" "COMPILER=arm-none-eabi-gcc" "ARCHIVER=arm-none-eabi-ar" "COMPILER_FLAGS=  -O2 -c" "EXTRA_COMPILER_FLAGS=-mcpu=cortex-a9 -mfpu=vfpv3 -mfloat-abi=hard -nostartfiles"
"Running Make include in ps7_cortexa9_0/libsrc/uartps_v3_1/src"
make -C ps7_cortexa9_0/libsrc/uartps_v3_1/src -s include  "SHELL=CMD" "COMPILER=arm-none-eabi-gcc" "ARCHIVER=arm-none-eabi-ar" "COMPILER_FLAGS=  -O2 -c" "EXTRA_COMPILER_FLAGS=-mcpu=cortex-a9 -mfpu=vfpv3 -mfloat-abi=hard -nostartfiles"
"Running Make include in ps7_cortexa9_0/libsrc/usbps_v2_4/src"
make -C ps7_cortexa9_0/libsrc/usbps_v2_4/src -s include  "SHELL=CMD" "COMPILER=arm-none-eabi-gcc" "ARCHIVER=arm-none-eabi-ar" "COMPILER_FLAGS=  -O2 -c" "EXTRA_COMPILER_FLAGS=-mcpu=cortex-a9 -mfpu=vfpv3 -mfloat-abi=hard -nostartfiles"
"Running Make include in ps7_cortexa9_0/libsrc/xadcps_v2_2/src"
make -C ps7_cortexa9_0/libsrc/xadcps_v2_2/src -s include  "SHELL=CMD" "COMPILER=arm-none-eabi-gcc" "ARCHIVER=arm-none-eabi-ar" "COMPILER_FLAGS=  -O2 -c" "EXTRA_COMPILER_FLAGS=-mcpu=cortex-a9 -mfpu=vfpv3 -mfloat-abi=hard -nostartfiles"
"Running Make libs in ps7_cortexa9_0/libsrc/coresightps_dcc_v1_2/src"
make -C ps7_cortexa9_0/libsrc/coresightps_dcc_v1_2/src -s libs  "SHELL=CMD" "COMPILER=arm-none-eabi-gcc" "ARCHIVER=arm-none-eabi-ar" "COMPILER_FLAGS=  -O2 -c" "EXTRA_COMPILER_FLAGS=-mcpu=cortex-a9 -mfpu=vfpv3 -mfloat-abi=hard -nostartfiles"
"Compiling coresightps_dcc"
arm-none-eabi-ar: 正在创建 ../../../lib/libxil.a
"Running Make libs in ps7_cortexa9_0/libsrc/cpu_cortexa9_v2_2/src"
make -C ps7_cortexa9_0/libsrc/cpu_cortexa9_v2_2/src -s libs  "SHELL=CMD" "COMPILER=arm-none-eabi-gcc" "ARCHIVER=arm-none-eabi-ar" "COMPILER_FLAGS=  -O2 -c" "EXTRA_COMPILER_FLAGS=-mcpu=cortex-a9 -mfpu=vfpv3 -mfloat-abi=hard -nostartfiles"
"Compiling cpu_cortexa9"
"Running Make libs in ps7_cortexa9_0/libsrc/ddrps_v1_0/src"
make -C ps7_cortexa9_0/libsrc/ddrps_v1_0/src -s libs  "SHELL=CMD" "COMPILER=arm-none-eabi-gcc" "ARCHIVER=arm-none-eabi-ar" "COMPILER_FLAGS=  -O2 -c" "EXTRA_COMPILER_FLAGS=-mcpu=cortex-a9 -mfpu=vfpv3 -mfloat-abi=hard -nostartfiles"
"Compiling ddrps"
"Running Make libs in ps7_cortexa9_0/libsrc/devcfg_v3_4/src"
make -C ps7_cortexa9_0/libsrc/devcfg_v3_4/src -s libs  "SHELL=CMD" "COMPILER=arm-none-eabi-gcc" "ARCHIVER=arm-none-eabi-ar" "COMPILER_FLAGS=  -O2 -c" "EXTRA_COMPILER_FLAGS=-mcpu=cortex-a9 -mfpu=vfpv3 -mfloat-abi=hard -nostartfiles"
"Compiling devcfg"
"Running Make libs in ps7_cortexa9_0/libsrc/dmaps_v2_1/src"
make -C ps7_cortexa9_0/libsrc/dmaps_v2_1/src -s libs  "SHELL=CMD" "COMPILER=arm-none-eabi-gcc" "ARCHIVER=arm-none-eabi-ar" "COMPILER_FLAGS=  -O2 -c" "EXTRA_COMPILER_FLAGS=-mcpu=cortex-a9 -mfpu=vfpv3 -mfloat-abi=hard -nostartfiles"
"Compiling dmaps"
"Running Make libs in ps7_cortexa9_0/libsrc/emacps_v3_2/src"
make -C ps7_cortexa9_0/libsrc/emacps_v3_2/src -s libs  "SHELL=CMD" "COMPILER=arm-none-eabi-gcc" "ARCHIVER=arm-none-eabi-ar" "COMPILER_FLAGS=  -O2 -c" "EXTRA_COMPILER_FLAGS=-mcpu=cortex-a9 -mfpu=vfpv3 -mfloat-abi=hard -nostartfiles"
"Compiling emacps"
"Running Make libs in ps7_cortexa9_0/libsrc/gpiops_v3_1/src"
make -C ps7_cortexa9_0/libsrc/gpiops_v3_1/src -s libs  "SHELL=CMD" "COMPILER=arm-none-eabi-gcc" "ARCHIVER=arm-none-eabi-ar" "COMPILER_FLAGS=  -O2 -c" "EXTRA_COMPILER_FLAGS=-mcpu=cortex-a9 -mfpu=vfpv3 -mfloat-abi=hard -nostartfiles"
"Compiling gpiops"
"Running Make libs in ps7_cortexa9_0/libsrc/motor_v1_0/src"
make -C ps7_cortexa9_0/libsrc/motor_v1_0/src -s libs  "SHELL=CMD" "COMPILER=arm-none-eabi-gcc" "ARCHIVER=arm-none-eabi-ar" "COMPILER_FLAGS=  -O2 -c" "EXTRA_COMPILER_FLAGS=-mcpu=cortex-a9 -mfpu=vfpv3 -mfloat-abi=hard -nostartfiles"
"Compiling motor..."
"Running Make libs in ps7_cortexa9_0/libsrc/qspips_v3_3/src"
make -C ps7_cortexa9_0/libsrc/qspips_v3_3/src -s libs  "SHELL=CMD" "COMPILER=arm-none-eabi-gcc" "ARCHIVER=arm-none-eabi-ar" "COMPILER_FLAGS=  -O2 -c" "EXTRA_COMPILER_FLAGS=-mcpu=cortex-a9 -mfpu=vfpv3 -mfloat-abi=hard -nostartfiles"
"Compiling qspips"
"Running Make libs in ps7_cortexa9_0/libsrc/scugic_v3_3/src"
make -C ps7_cortexa9_0/libsrc/scugic_v3_3/src -s libs  "SHELL=CMD" "COMPILER=arm-none-eabi-gcc" "ARCHIVER=arm-none-eabi-ar" "COMPILER_FLAGS=  -O2 -c" "EXTRA_COMPILER_FLAGS=-mcpu=cortex-a9 -mfpu=vfpv3 -mfloat-abi=hard -nostartfiles"
"Compiling scugic"
"Running Make libs in ps7_cortexa9_0/libsrc/scutimer_v2_1/src"
make -C ps7_cortexa9_0/libsrc/scutimer_v2_1/src -s libs  "SHELL=CMD" "COMPILER=arm-none-eabi-gcc" "ARCHIVER=arm-none-eabi-ar" "COMPILER_FLAGS=  -O2 -c" "EXTRA_COMPILER_FLAGS=-mcpu=cortex-a9 -mfpu=vfpv3 -mfloat-abi=hard -nostartfiles"
"Compiling scutimer"
"Running Make libs in ps7_cortexa9_0/libsrc/scuwdt_v2_1/src"
make -C ps7_cortexa9_0/libsrc/scuwdt_v2_1/src -s libs  "SHELL=CMD" "COMPILER=arm-none-eabi-gcc" "ARCHIVER=arm-none-eabi-ar" "COMPILER_FLAGS=  -O2 -c" "EXTRA_COMPILER_FLAGS=-mcpu=cortex-a9 -mfpu=vfpv3 -mfloat-abi=hard -nostartfiles"
"Compiling scuwdt"
"Running Make libs in ps7_cortexa9_0/libsrc/sdps_v2_8/src"
make -C ps7_cortexa9_0/libsrc/sdps_v2_8/src -s libs  "SHELL=CMD" "COMPILER=arm-none-eabi-gcc" "ARCHIVER=arm-none-eabi-ar" "COMPILER_FLAGS=  -O2 -c" "EXTRA_COMPILER_FLAGS=-mcpu=cortex-a9 -mfpu=vfpv3 -mfloat-abi=hard -nostartfiles"
"Compiling sdps"
"Running Make libs in ps7_cortexa9_0/libsrc/standalone_v5_5/src"
make -C ps7_cortexa9_0/libsrc/standalone_v5_5/src -s libs  "SHELL=CMD" "COMPILER=arm-none-eabi-gcc" "ARCHIVER=arm-none-eabi-ar" "COMPILER_FLAGS=  -O2 -c" "EXTRA_COMPILER_FLAGS=-mcpu=cortex-a9 -mfpu=vfpv3 -mfloat-abi=hard -nostartfiles"
"Compiling standalone"
"Running Make libs in ps7_cortexa9_0/libsrc/ttcps_v3_1/src"
make -C ps7_cortexa9_0/libsrc/ttcps_v3_1/src -s libs  "SHELL=CMD" "COMPILER=arm-none-eabi-gcc" "ARCHIVER=arm-none-eabi-ar" "COMPILER_FLAGS=  -O2 -c" "EXTRA_COMPILER_FLAGS=-mcpu=cortex-a9 -mfpu=vfpv3 -mfloat-abi=hard -nostartfiles"
"Compiling ttcps"
"Running Make libs in ps7_cortexa9_0/libsrc/uartps_v3_1/src"
make -C ps7_cortexa9_0/libsrc/uartps_v3_1/src -s libs  "SHELL=CMD" "COMPILER=arm-none-eabi-gcc" "ARCHIVER=arm-none-eabi-ar" "COMPILER_FLAGS=  -O2 -c" "EXTRA_COMPILER_FLAGS=-mcpu=cortex-a9 -mfpu=vfpv3 -mfloat-abi=hard -nostartfiles"
"Compiling uartps"
"Running Make libs in ps7_cortexa9_0/libsrc/usbps_v2_4/src"
make -C ps7_cortexa9_0/libsrc/usbps_v2_4/src -s libs  "SHELL=CMD" "COMPILER=arm-none-eabi-gcc" "ARCHIVER=arm-none-eabi-ar" "COMPILER_FLAGS=  -O2 -c" "EXTRA_COMPILER_FLAGS=-mcpu=cortex-a9 -mfpu=vfpv3 -mfloat-abi=hard -nostartfiles"
"Compiling usbps"
"Running Make libs in ps7_cortexa9_0/libsrc/xadcps_v2_2/src"
make -C ps7_cortexa9_0/libsrc/xadcps_v2_2/src -s libs  "SHELL=CMD" "COMPILER=arm-none-eabi-gcc" "ARCHIVER=arm-none-eabi-ar" "COMPILER_FLAGS=  -O2 -c" "EXTRA_COMPILER_FLAGS=-mcpu=cortex-a9 -mfpu=vfpv3 -mfloat-abi=hard -nostartfiles"
"Compiling xadcps"
'Finished building libraries'
20:28:58 **** Build of configuration Debug for project motor_lynn ****
make pre-build main-build 
a9-linaro-pre-build-step
 
Building file: ../src/helloworld.c
Invoking: ARM v7 gcc compiler
arm-none-eabi-gcc -Wall -O0 -g3 -c -fmessage-length=0 -MT"src/helloworld.o" -mcpu=cortex-a9 -mfpu=vfpv3 -mfloat-abi=hard -I../../motor_lynn_bsp/ps7_cortexa9_0/include -MMD -MP -MF"src/helloworld.d" -MT"src/helloworld.o" -o "src/helloworld.o" "../src/helloworld.c"
Finished building: ../src/helloworld.c
 
Building file: ../src/platform.c
Invoking: ARM v7 gcc compiler
arm-none-eabi-gcc -Wall -O0 -g3 -c -fmessage-length=0 -MT"src/platform.o" -mcpu=cortex-a9 -mfpu=vfpv3 -mfloat-abi=hard -I../../motor_lynn_bsp/ps7_cortexa9_0/include -MMD -MP -MF"src/platform.d" -MT"src/platform.o" -o "src/platform.o" "../src/platform.c"
Finished building: ../src/platform.c
 
Building target: motor_lynn.elf
Invoking: ARM v7 gcc linker
arm-none-eabi-gcc -mcpu=cortex-a9 -mfpu=vfpv3 -mfloat-abi=hard -Wl,-build-id=none -specs=Xilinx.spec -Wl,-T -Wl,../src/lscript.ld -L../../motor_lynn_bsp/ps7_cortexa9_0/lib -o "motor_lynn.elf"  ./src/helloworld.o ./src/platform.o   -Wl,--start-group,-lxil,-lgcc,-lc,--end-group
Finished building target: motor_lynn.elf
 
Invoking: ARM v7 Print Size
arm-none-eabi-size motor_lynn.elf  |tee "motor_lynn.elf.size"
   text	   data	    bss	    dec	    hex	filename
  22964	   1152	  22580	  46696	   b668	motor_lynn.elf
Finished building: motor_lynn.elf.size
 
20:30:06 **** Auto Build of configuration Debug for project motor_lynn ****
make pre-build main-build 
a9-linaro-pre-build-step
 
Building file: ../src/lidar_sys.c
Invoking: ARM v7 gcc compiler
arm-none-eabi-gcc -Wall -O0 -g3 -c -fmessage-length=0 -MT"src/lidar_sys.o" -mcpu=cortex-a9 -mfpu=vfpv3 -mfloat-abi=hard -I../../motor_lynn_bsp/ps7_cortexa9_0/include -MMD -MP -MF"src/lidar_sys.d" -MT"src/lidar_sys.o" -o "src/lidar_sys.o" "../src/lidar_sys.c"
In file included from ../src/lidar_sys.c:7:0:
../src/lidar_sys.h:10:16: fatal error: ff.h: No such file or directory
 #include "ff.h"
                ^
compilation terminated.
make: *** [src/lidar_sys.o] 错误 1
20:30:17 **** Auto Build of configuration Debug for project motor_lynn ****
make pre-build main-build 
a9-linaro-pre-build-step
 
Building file: ../src/lidar_sys.c
Invoking: ARM v7 gcc compiler
arm-none-eabi-gcc -Wall -O0 -g3 -c -fmessage-length=0 -MT"src/lidar_sys.o" -mcpu=cortex-a9 -mfpu=vfpv3 -mfloat-abi=hard -I../../motor_lynn_bsp/ps7_cortexa9_0/include -MMD -MP -MF"src/lidar_sys.d" -MT"src/lidar_sys.o" -o "src/lidar_sys.o" "../src/lidar_sys.c"
In file included from ../src/lidar_sys.c:7:0:
../src/lidar_sys.h:73:25: error: unknown type name 'TCHAR'
 void LidarSystemInitial(TCHAR *dirPath);
                         ^
../src/lidar_sys.c:13:18: fatal error: fifo.h: No such file or directory
 #include "fifo.h"
                  ^
compilation terminated.
make: *** [src/lidar_sys.o] 错误 1
20:30:30 **** Auto Build of configuration Debug for project motor_lynn ****
make pre-build main-build 
a9-linaro-pre-build-step
 
Building file: ../src/lidar_sys.c
Invoking: ARM v7 gcc compiler
arm-none-eabi-gcc -Wall -O0 -g3 -c -fmessage-length=0 -MT"src/lidar_sys.o" -mcpu=cortex-a9 -mfpu=vfpv3 -mfloat-abi=hard -I../../motor_lynn_bsp/ps7_cortexa9_0/include -MMD -MP -MF"src/lidar_sys.d" -MT"src/lidar_sys.o" -o "src/lidar_sys.o" "../src/lidar_sys.c"
../src/lidar_sys.c:13:18: fatal error: fifo.h: No such file or directory
 #include "fifo.h"
                  ^
compilation terminated.
make: *** [src/lidar_sys.o] 错误 1
20:30:43 **** Auto Build of configuration Debug for project motor_lynn ****
make pre-build main-build 
a9-linaro-pre-build-step
 
Building file: ../src/lidar_sys.c
Invoking: ARM v7 gcc compiler
arm-none-eabi-gcc -Wall -O0 -g3 -c -fmessage-length=0 -MT"src/lidar_sys.o" -mcpu=cortex-a9 -mfpu=vfpv3 -mfloat-abi=hard -I../../motor_lynn_bsp/ps7_cortexa9_0/include -MMD -MP -MF"src/lidar_sys.d" -MT"src/lidar_sys.o" -o "src/lidar_sys.o" "../src/lidar_sys.c"
../src/lidar_sys.c:20:25: error: unknown type name 'TCHAR'
 void LidarSystemInitial(TCHAR *dirPath){
                         ^
make: *** [src/lidar_sys.o] 错误 1
20:30:52 **** Auto Build of configuration Debug for project motor_lynn ****
make pre-build main-build 
a9-linaro-pre-build-step
 
Building file: ../src/lidar_sys.c
Invoking: ARM v7 gcc compiler
arm-none-eabi-gcc -Wall -O0 -g3 -c -fmessage-length=0 -MT"src/lidar_sys.o" -mcpu=cortex-a9 -mfpu=vfpv3 -mfloat-abi=hard -I../../motor_lynn_bsp/ps7_cortexa9_0/include -MMD -MP -MF"src/lidar_sys.d" -MT"src/lidar_sys.o" -o "src/lidar_sys.o" "../src/lidar_sys.c"
Finished building: ../src/lidar_sys.c
 
Building target: motor_lynn.elf
Invoking: ARM v7 gcc linker
arm-none-eabi-gcc -mcpu=cortex-a9 -mfpu=vfpv3 -mfloat-abi=hard -Wl,-build-id=none -specs=Xilinx.spec -Wl,-T -Wl,../src/lscript.ld -L../../motor_lynn_bsp/ps7_cortexa9_0/lib -o "motor_lynn.elf"  ./src/helloworld.o ./src/lidar_sys.o ./src/platform.o   -Wl,--start-group,-lxil,-lgcc,-lc,--end-group
Finished building target: motor_lynn.elf
 
Invoking: ARM v7 Print Size
arm-none-eabi-size motor_lynn.elf  |tee "motor_lynn.elf.size"
   text	   data	    bss	    dec	    hex	filename
  22964	   1152	 317492	 341608	  53668	motor_lynn.elf
Finished building: motor_lynn.elf.size
 
20:31:35 **** Auto Build of configuration Debug for project motor_lynn ****
make pre-build main-build 
a9-linaro-pre-build-step
 
make: Nothing to be done for `main-build'.
20:31:45 **** Auto Build of configuration Debug for project motor_lynn ****
make pre-build main-build 
a9-linaro-pre-build-step
 
Building file: ../src/motor.c
Invoking: ARM v7 gcc compiler
arm-none-eabi-gcc -Wall -O0 -g3 -c -fmessage-length=0 -MT"src/motor.o" -mcpu=cortex-a9 -mfpu=vfpv3 -mfloat-abi=hard -I../../motor_lynn_bsp/ps7_cortexa9_0/include -MMD -MP -MF"src/motor.d" -MT"src/motor.o" -o "src/motor.o" "../src/motor.c"
Finished building: ../src/motor.c
 
Building target: motor_lynn.elf
Invoking: ARM v7 gcc linker
arm-none-eabi-gcc -mcpu=cortex-a9 -mfpu=vfpv3 -mfloat-abi=hard -Wl,-build-id=none -specs=Xilinx.spec -Wl,-T -Wl,../src/lscript.ld -L../../motor_lynn_bsp/ps7_cortexa9_0/lib -o "motor_lynn.elf"  ./src/helloworld.o ./src/lidar_sys.o ./src/motor.o ./src/platform.o   -Wl,--start-group,-lxil,-lgcc,-lc,--end-group
Finished building target: motor_lynn.elf
 
Invoking: ARM v7 Print Size
arm-none-eabi-size motor_lynn.elf  |tee "motor_lynn.elf.size"
   text	   data	    bss	    dec	    hex	filename
  22964	   1152	 317492	 341608	  53668	motor_lynn.elf
Finished building: motor_lynn.elf.size
 
21:10:36 **** Auto Build of configuration Debug for project motor_lynn ****
make pre-build main-build 
a9-linaro-pre-build-step
 
Building file: ../src/motor.c
Invoking: ARM v7 gcc compiler
arm-none-eabi-gcc -Wall -O0 -g3 -c -fmessage-length=0 -MT"src/motor.o" -mcpu=cortex-a9 -mfpu=vfpv3 -mfloat-abi=hard -I../../motor_lynn_bsp/ps7_cortexa9_0/include -MMD -MP -MF"src/motor.d" -MT"src/motor.o" -o "src/motor.o" "../src/motor.c"
Finished building: ../src/motor.c
 
Building target: motor_lynn.elf
Invoking: ARM v7 gcc linker
arm-none-eabi-gcc -mcpu=cortex-a9 -mfpu=vfpv3 -mfloat-abi=hard -Wl,-build-id=none -specs=Xilinx.spec -Wl,-T -Wl,../src/lscript.ld -L../../motor_lynn_bsp/ps7_cortexa9_0/lib -o "motor_lynn.elf"  ./src/helloworld.o ./src/lidar_sys.o ./src/motor.o ./src/platform.o   -Wl,--start-group,-lxil,-lgcc,-lc,--end-group
Finished building target: motor_lynn.elf
 
Invoking: ARM v7 Print Size
arm-none-eabi-size motor_lynn.elf  |tee "motor_lynn.elf.size"
   text	   data	    bss	    dec	    hex	filename
  22964	   1152	 317492	 341608	  53668	motor_lynn.elf
Finished building: motor_lynn.elf.size
 
21:11:03 **** Auto Build of configuration Debug for project motor_lynn ****
make pre-build main-build 
a9-linaro-pre-build-step
 
Building file: ../src/motor.c
Invoking: ARM v7 gcc compiler
arm-none-eabi-gcc -Wall -O0 -g3 -c -fmessage-length=0 -MT"src/motor.o" -mcpu=cortex-a9 -mfpu=vfpv3 -mfloat-abi=hard -I../../motor_lynn_bsp/ps7_cortexa9_0/include -MMD -MP -MF"src/motor.d" -MT"src/motor.o" -o "src/motor.o" "../src/motor.c"
Finished building: ../src/motor.c
 
Building target: motor_lynn.elf
Invoking: ARM v7 gcc linker
arm-none-eabi-gcc -mcpu=cortex-a9 -mfpu=vfpv3 -mfloat-abi=hard -Wl,-build-id=none -specs=Xilinx.spec -Wl,-T -Wl,../src/lscript.ld -L../../motor_lynn_bsp/ps7_cortexa9_0/lib -o "motor_lynn.elf"  ./src/helloworld.o ./src/lidar_sys.o ./src/motor.o ./src/platform.o   -Wl,--start-group,-lxil,-lgcc,-lc,--end-group
Finished building target: motor_lynn.elf
 
Invoking: ARM v7 Print Size
arm-none-eabi-size motor_lynn.elf  |tee "motor_lynn.elf.size"
   text	   data	    bss	    dec	    hex	filename
  22964	   1152	 317492	 341608	  53668	motor_lynn.elf
Finished building: motor_lynn.elf.size
 
21:11:19 **** Auto Build of configuration Debug for project motor_lynn ****
make pre-build main-build 
a9-linaro-pre-build-step
 
Building file: ../src/motor.c
Invoking: ARM v7 gcc compiler
arm-none-eabi-gcc -Wall -O0 -g3 -c -fmessage-length=0 -MT"src/motor.o" -mcpu=cortex-a9 -mfpu=vfpv3 -mfloat-abi=hard -I../../motor_lynn_bsp/ps7_cortexa9_0/include -MMD -MP -MF"src/motor.d" -MT"src/motor.o" -o "src/motor.o" "../src/motor.c"
Finished building: ../src/motor.c
 
Building target: motor_lynn.elf
Invoking: ARM v7 gcc linker
arm-none-eabi-gcc -mcpu=cortex-a9 -mfpu=vfpv3 -mfloat-abi=hard -Wl,-build-id=none -specs=Xilinx.spec -Wl,-T -Wl,../src/lscript.ld -L../../motor_lynn_bsp/ps7_cortexa9_0/lib -o "motor_lynn.elf"  ./src/helloworld.o ./src/lidar_sys.o ./src/motor.o ./src/platform.o   -Wl,--start-group,-lxil,-lgcc,-lc,--end-group
Finished building target: motor_lynn.elf
 
Invoking: ARM v7 Print Size
arm-none-eabi-size motor_lynn.elf  |tee "motor_lynn.elf.size"
   text	   data	    bss	    dec	    hex	filename
  22964	   1152	 317492	 341608	  53668	motor_lynn.elf
Finished building: motor_lynn.elf.size
 
21:11:30 **** Auto Build of configuration Debug for project motor_lynn ****
make pre-build main-build 
a9-linaro-pre-build-step
 
Building file: ../src/motor.c
Invoking: ARM v7 gcc compiler
arm-none-eabi-gcc -Wall -O0 -g3 -c -fmessage-length=0 -MT"src/motor.o" -mcpu=cortex-a9 -mfpu=vfpv3 -mfloat-abi=hard -I../../motor_lynn_bsp/ps7_cortexa9_0/include -MMD -MP -MF"src/motor.d" -MT"src/motor.o" -o "src/motor.o" "../src/motor.c"
Finished building: ../src/motor.c
 
Building target: motor_lynn.elf
Invoking: ARM v7 gcc linker
arm-none-eabi-gcc -mcpu=cortex-a9 -mfpu=vfpv3 -mfloat-abi=hard -Wl,-build-id=none -specs=Xilinx.spec -Wl,-T -Wl,../src/lscript.ld -L../../motor_lynn_bsp/ps7_cortexa9_0/lib -o "motor_lynn.elf"  ./src/helloworld.o ./src/lidar_sys.o ./src/motor.o ./src/platform.o   -Wl,--start-group,-lxil,-lgcc,-lc,--end-group
Finished building target: motor_lynn.elf
 
Invoking: ARM v7 Print Size
arm-none-eabi-size motor_lynn.elf  |tee "motor_lynn.elf.size"
   text	   data	    bss	    dec	    hex	filename
  22964	   1152	 317492	 341608	  53668	motor_lynn.elf
Finished building: motor_lynn.elf.size
 
09:15:29 **** Auto Build of configuration Debug for project motor_lynn ****
make pre-build main-build 
a9-linaro-pre-build-step
 
Building file: ../src/motor.c
Invoking: ARM v7 gcc compiler
arm-none-eabi-gcc -Wall -O0 -g3 -c -fmessage-length=0 -MT"src/motor.o" -mcpu=cortex-a9 -mfpu=vfpv3 -mfloat-abi=hard -I../../motor_lynn_bsp/ps7_cortexa9_0/include -MMD -MP -MF"src/motor.d" -MT"src/motor.o" -o "src/motor.o" "../src/motor.c"
In file included from ../src/motor.c:8:0:
../src/motor.c: In function 'motor_init_begin':
../src/motor.h:13:37: error: pasting "0" and "#" does not give a valid preprocessing token
 #define MOTOR_BASEADDR              0  #############
                                     ^
../src/motor.c:13:21: note: in expansion of macro 'MOTOR_BASEADDR'
     lidar_mWriteReg(MOTOR_BASEADDR, MOTOR_INIT_DIV, init_div );
                     ^
In file included from ../src/motor.h:10:0,
                 from ../src/motor.c:8:
../src/motor.h:13:52: error: stray '#' in program
 #define MOTOR_BASEADDR              0  #############
                                                    ^
../src/lidar_sys.h:50:16: note: in definition of macro 'lidar_mWriteReg'
     Xil_Out32((BaseAddress) + (RegOffset), (u32)(Data))
                ^
../src/motor.c:13:21: note: in expansion of macro 'MOTOR_BASEADDR'
     lidar_mWriteReg(MOTOR_BASEADDR, MOTOR_INIT_DIV, init_div );
                     ^
In file included from ../src/motor.c:8:0:
../src/motor.h:13:37: error: pasting "0" and "#" does not give a valid preprocessing token
 #define MOTOR_BASEADDR              0  #############
                                     ^
../src/motor.c:14:21: note: in expansion of macro 'MOTOR_BASEADDR'
     lidar_mWriteReg(MOTOR_BASEADDR, MOTOR_CTRL_REG, 1 << INIT_EN_OFFSET); 
                     ^
In file included from ../src/motor.h:10:0,
                 from ../src/motor.c:8:
../src/motor.h:13:52: error: stray '#' in program
 #define MOTOR_BASEADDR              0  #############
                                                    ^
../src/lidar_sys.h:50:16: note: in definition of macro 'lidar_mWriteReg'
     Xil_Out32((BaseAddress) + (RegOffset), (u32)(Data))
                ^
../src/motor.c:14:21: note: in expansion of macro 'MOTOR_BASEADDR'
     lidar_mWriteReg(MOTOR_BASEADDR, MOTOR_CTRL_REG, 1 << INIT_EN_OFFSET); 
                     ^
In file included from ../src/motor.c:8:0:
../src/motor.c: In function 'motor_check_init_state':
../src/motor.h:13:37: error: pasting "0" and "#" does not give a valid preprocessing token
 #define MOTOR_BASEADDR              0  #############
                                     ^
../src/motor.c:18:26: note: in expansion of macro 'MOTOR_BASEADDR'
    return lidar_mReadReg(MOTOR_BASEADDR, MOTOR_INIT_STATE);
                          ^
In file included from ../src/motor.h:10:0,
                 from ../src/motor.c:8:
../src/motor.h:13:52: error: stray '#' in program
 #define MOTOR_BASEADDR              0  #############
                                                    ^
../src/lidar_sys.h:70:15: note: in definition of macro 'lidar_mReadReg'
     Xil_In32((BaseAddress) + (RegOffset))
               ^
../src/motor.c:18:26: note: in expansion of macro 'MOTOR_BASEADDR'
    return lidar_mReadReg(MOTOR_BASEADDR, MOTOR_INIT_STATE);
                          ^
../src/motor.c: In function 'motor_wait_until_inited':
../src/motor.c:22:34: warning: the comparison will always evaluate as 'false' for the address of 'motor_check_init_state' will never be NULL [-Waddress]
     while(motor_check_init_state == 0){
                                  ^
In file included from ../src/motor.c:8:0:
../src/motor.c: In function 'motor_init_end':
../src/motor.h:13:37: error: pasting "0" and "#" does not give a valid preprocessing token
 #define MOTOR_BASEADDR              0  #############
                                     ^
../src/motor.c:28:21: note: in expansion of macro 'MOTOR_BASEADDR'
     lidar_mWriteReg(MOTOR_BASEADDR, MOTOR_CTRL_REG, 0 << INIT_EN_OFFSET);
                     ^
In file included from ../src/motor.h:10:0,
                 from ../src/motor.c:8:
../src/motor.h:13:52: error: stray '#' in program
 #define MOTOR_BASEADDR              0  #############
                                                    ^
../src/lidar_sys.h:50:16: note: in definition of macro 'lidar_mWriteReg'
     Xil_Out32((BaseAddress) + (RegOffset), (u32)(Data))
                ^
../src/motor.c:28:21: note: in expansion of macro 'MOTOR_BASEADDR'
     lidar_mWriteReg(MOTOR_BASEADDR, MOTOR_CTRL_REG, 0 << INIT_EN_OFFSET);
                     ^
make: *** [src/motor.o] 错误 1
09:17:15 **** Auto Build of configuration Debug for project motor_lynn ****
make pre-build main-build 
a9-linaro-pre-build-step
 
Building file: ../src/motor.c
Invoking: ARM v7 gcc compiler
arm-none-eabi-gcc -Wall -O0 -g3 -c -fmessage-length=0 -MT"src/motor.o" -mcpu=cortex-a9 -mfpu=vfpv3 -mfloat-abi=hard -I../../motor_lynn_bsp/ps7_cortexa9_0/include -MMD -MP -MF"src/motor.d" -MT"src/motor.o" -o "src/motor.o" "../src/motor.c"
In file included from ../src/motor.c:8:0:
../src/motor.c: In function 'motor_init_begin':
../src/motor.h:13:37: error: pasting "0" and "#" does not give a valid preprocessing token
 #define MOTOR_BASEADDR              0  #############
                                     ^
../src/motor.c:13:21: note: in expansion of macro 'MOTOR_BASEADDR'
     lidar_mWriteReg(MOTOR_BASEADDR, MOTOR_INIT_DIV, init_div );
                     ^
In file included from ../src/motor.h:10:0,
                 from ../src/motor.c:8:
../src/motor.h:13:52: error: stray '#' in program
 #define MOTOR_BASEADDR              0  #############
                                                    ^
../src/lidar_sys.h:50:16: note: in definition of macro 'lidar_mWriteReg'
     Xil_Out32((BaseAddress) + (RegOffset), (u32)(Data))
                ^
../src/motor.c:13:21: note: in expansion of macro 'MOTOR_BASEADDR'
     lidar_mWriteReg(MOTOR_BASEADDR, MOTOR_INIT_DIV, init_div );
                     ^
In file included from ../src/motor.c:8:0:
../src/motor.h:13:37: error: pasting "0" and "#" does not give a valid preprocessing token
 #define MOTOR_BASEADDR              0  #############
                                     ^
../src/motor.c:14:21: note: in expansion of macro 'MOTOR_BASEADDR'
     lidar_mWriteReg(MOTOR_BASEADDR, MOTOR_CTRL_REG, 1 << INIT_EN_OFFSET); 
                     ^
In file included from ../src/motor.h:10:0,
                 from ../src/motor.c:8:
../src/motor.h:13:52: error: stray '#' in program
 #define MOTOR_BASEADDR              0  #############
                                                    ^
../src/lidar_sys.h:50:16: note: in definition of macro 'lidar_mWriteReg'
     Xil_Out32((BaseAddress) + (RegOffset), (u32)(Data))
                ^
../src/motor.c:14:21: note: in expansion of macro 'MOTOR_BASEADDR'
     lidar_mWriteReg(MOTOR_BASEADDR, MOTOR_CTRL_REG, 1 << INIT_EN_OFFSET); 
                     ^
In file included from ../src/motor.c:8:0:
../src/motor.c: In function 'motor_check_init_state':
../src/motor.h:13:37: error: pasting "0" and "#" does not give a valid preprocessing token
 #define MOTOR_BASEADDR              0  #############
                                     ^
../src/motor.c:18:26: note: in expansion of macro 'MOTOR_BASEADDR'
    return lidar_mReadReg(MOTOR_BASEADDR, MOTOR_INIT_STATE);
                          ^
In file included from ../src/motor.h:10:0,
                 from ../src/motor.c:8:
../src/motor.h:13:52: error: stray '#' in program
 #define MOTOR_BASEADDR              0  #############
                                                    ^
../src/lidar_sys.h:70:15: note: in definition of macro 'lidar_mReadReg'
     Xil_In32((BaseAddress) + (RegOffset))
               ^
../src/motor.c:18:26: note: in expansion of macro 'MOTOR_BASEADDR'
    return lidar_mReadReg(MOTOR_BASEADDR, MOTOR_INIT_STATE);
                          ^
In file included from ../src/motor.c:8:0:
../src/motor.c: In function 'motor_init_end':
../src/motor.h:13:37: error: pasting "0" and "#" does not give a valid preprocessing token
 #define MOTOR_BASEADDR              0  #############
                                     ^
../src/motor.c:28:21: note: in expansion of macro 'MOTOR_BASEADDR'
     lidar_mWriteReg(MOTOR_BASEADDR, MOTOR_CTRL_REG, 0 << INIT_EN_OFFSET);
                     ^
In file included from ../src/motor.h:10:0,
                 from ../src/motor.c:8:
../src/motor.h:13:52: error: stray '#' in program
 #define MOTOR_BASEADDR              0  #############
                                                    ^
../src/lidar_sys.h:50:16: note: in definition of macro 'lidar_mWriteReg'
     Xil_Out32((BaseAddress) + (RegOffset), (u32)(Data))
                ^
../src/motor.c:28:21: note: in expansion of macro 'MOTOR_BASEADDR'
     lidar_mWriteReg(MOTOR_BASEADDR, MOTOR_CTRL_REG, 0 << INIT_EN_OFFSET);
                     ^
make: *** [src/motor.o] 错误 1
09:18:45 **** Auto Build of configuration Debug for project motor_lynn ****
make pre-build main-build 
a9-linaro-pre-build-step
 
Building file: ../src/motor.c
Invoking: ARM v7 gcc compiler
arm-none-eabi-gcc -Wall -O0 -g3 -c -fmessage-length=0 -MT"src/motor.o" -mcpu=cortex-a9 -mfpu=vfpv3 -mfloat-abi=hard -I../../motor_lynn_bsp/ps7_cortexa9_0/include -MMD -MP -MF"src/motor.d" -MT"src/motor.o" -o "src/motor.o" "../src/motor.c"
Finished building: ../src/motor.c
 
Building target: motor_lynn.elf
Invoking: ARM v7 gcc linker
arm-none-eabi-gcc -mcpu=cortex-a9 -mfpu=vfpv3 -mfloat-abi=hard -Wl,-build-id=none -specs=Xilinx.spec -Wl,-T -Wl,../src/lscript.ld -L../../motor_lynn_bsp/ps7_cortexa9_0/lib -o "motor_lynn.elf"  ./src/helloworld.o ./src/lidar_sys.o ./src/motor.o ./src/platform.o   -Wl,--start-group,-lxil,-lgcc,-lc,--end-group
Finished building target: motor_lynn.elf
 
Invoking: ARM v7 Print Size
arm-none-eabi-size motor_lynn.elf  |tee "motor_lynn.elf.size"
   text	   data	    bss	    dec	    hex	filename
  23240	   1152	 317492	 341884	  5377c	motor_lynn.elf
Finished building: motor_lynn.elf.size
 
09:19:03 **** Auto Build of configuration Debug for project motor_lynn ****
make pre-build main-build 
a9-linaro-pre-build-step
 
Building file: ../src/lidar_sys.c
Invoking: ARM v7 gcc compiler
arm-none-eabi-gcc -Wall -O0 -g3 -c -fmessage-length=0 -MT"src/lidar_sys.o" -mcpu=cortex-a9 -mfpu=vfpv3 -mfloat-abi=hard -I../../motor_lynn_bsp/ps7_cortexa9_0/include -MMD -MP -MF"src/lidar_sys.d" -MT"src/lidar_sys.o" -o "src/lidar_sys.o" "../src/lidar_sys.c"
Finished building: ../src/lidar_sys.c
 
Building file: ../src/motor.c
Invoking: ARM v7 gcc compiler
arm-none-eabi-gcc -Wall -O0 -g3 -c -fmessage-length=0 -MT"src/motor.o" -mcpu=cortex-a9 -mfpu=vfpv3 -mfloat-abi=hard -I../../motor_lynn_bsp/ps7_cortexa9_0/include -MMD -MP -MF"src/motor.d" -MT"src/motor.o" -o "src/motor.o" "../src/motor.c"
Finished building: ../src/motor.c
 
Building target: motor_lynn.elf
Invoking: ARM v7 gcc linker
arm-none-eabi-gcc -mcpu=cortex-a9 -mfpu=vfpv3 -mfloat-abi=hard -Wl,-build-id=none -specs=Xilinx.spec -Wl,-T -Wl,../src/lscript.ld -L../../motor_lynn_bsp/ps7_cortexa9_0/lib -o "motor_lynn.elf"  ./src/helloworld.o ./src/lidar_sys.o ./src/motor.o ./src/platform.o   -Wl,--start-group,-lxil,-lgcc,-lc,--end-group
Finished building target: motor_lynn.elf
 
Invoking: ARM v7 Print Size
arm-none-eabi-size motor_lynn.elf  |tee "motor_lynn.elf.size"
   text	   data	    bss	    dec	    hex	filename
  23240	   1152	 317492	 341884	  5377c	motor_lynn.elf
Finished building: motor_lynn.elf.size
 
09:23:07 **** Auto Build of configuration Debug for project motor_lynn ****
make pre-build main-build 
a9-linaro-pre-build-step
 
Building file: ../src/helloworld.c
Invoking: ARM v7 gcc compiler
arm-none-eabi-gcc -Wall -O0 -g3 -c -fmessage-length=0 -MT"src/helloworld.o" -mcpu=cortex-a9 -mfpu=vfpv3 -mfloat-abi=hard -I../../motor_lynn_bsp/ps7_cortexa9_0/include -MMD -MP -MF"src/helloworld.d" -MT"src/helloworld.o" -o "src/helloworld.o" "../src/helloworld.c"
../src/helloworld.c: In function 'main':
../src/helloworld.c:56:5: error: unknown type name 'Motor'
     Motor
     ^
../src/helloworld.c:57:2: error: conflicting types for 'init_platform'
  init_platform();
  ^
In file included from ../src/helloworld.c:49:0:
../src/platform.h:38:6: note: previous declaration of 'init_platform' was here
 void init_platform();
      ^
make: *** [src/helloworld.o] 错误 1
09:28:22 **** Auto Build of configuration Debug for project motor_lynn ****
make pre-build main-build 
a9-linaro-pre-build-step
 
Building file: ../src/helloworld.c
Invoking: ARM v7 gcc compiler
arm-none-eabi-gcc -Wall -O0 -g3 -c -fmessage-length=0 -MT"src/helloworld.o" -mcpu=cortex-a9 -mfpu=vfpv3 -mfloat-abi=hard -I../../motor_lynn_bsp/ps7_cortexa9_0/include -MMD -MP -MF"src/helloworld.d" -MT"src/helloworld.o" -o "src/helloworld.o" "../src/helloworld.c"
../src/helloworld.c: In function 'main':
../src/helloworld.c:60:11: error: invalid type argument of '->' (have 'Motor_Data')
     motor -> init_div = 200;
           ^
../src/helloworld.c:62:5: error: too few arguments to function 'motor_init'
     motor_init();
     ^
In file included from ../src/helloworld.c:52:0:
../src/motor.h:36:6: note: declared here
 void motor_init(Motor_Data *motor);
      ^
../src/helloworld.c:63:62: error: invalid type argument of '->' (have 'Motor_Data')
     print("pos_a_circle: %d, raster_a_circle: %d\r\n", motor -> pos_a_circle, motor -> raster_a_circle);
                                                              ^
../src/helloworld.c:63:85: error: invalid type argument of '->' (have 'Motor_Data')
     print("pos_a_circle: %d, raster_a_circle: %d\r\n", motor -> pos_a_circle, motor -> raster_a_circle);
                                                                                     ^
../src/helloworld.c:63:5: error: too many arguments to function 'print'
     print("pos_a_circle: %d, raster_a_circle: %d\r\n", motor -> pos_a_circle, motor -> raster_a_circle);
     ^
In file included from ../src/helloworld.c:50:0:
../../motor_lynn_bsp/ps7_cortexa9_0/include/xil_printf.h:36:6: note: declared here
 void print( const char8 *ptr);
      ^
make: *** [src/helloworld.o] 错误 1
09:28:57 **** Auto Build of configuration Debug for project motor_lynn ****
make pre-build main-build 
a9-linaro-pre-build-step
 
Building file: ../src/helloworld.c
Invoking: ARM v7 gcc compiler
arm-none-eabi-gcc -Wall -O0 -g3 -c -fmessage-length=0 -MT"src/helloworld.o" -mcpu=cortex-a9 -mfpu=vfpv3 -mfloat-abi=hard -I../../motor_lynn_bsp/ps7_cortexa9_0/include -MMD -MP -MF"src/helloworld.d" -MT"src/helloworld.o" -o "src/helloworld.o" "../src/helloworld.c"
../src/helloworld.c: In function 'main':
../src/helloworld.c:62:5: error: too few arguments to function 'motor_init'
     motor_init();
     ^
In file included from ../src/helloworld.c:52:0:
../src/motor.h:36:6: note: declared here
 void motor_init(Motor_Data *motor);
      ^
../src/helloworld.c:63:5: error: too many arguments to function 'print'
     print("pos_a_circle: %d, raster_a_circle: %d\r\n", motor.pos_a_circle, motor.raster_a_circle);
     ^
In file included from ../src/helloworld.c:50:0:
../../motor_lynn_bsp/ps7_cortexa9_0/include/xil_printf.h:36:6: note: declared here
 void print( const char8 *ptr);
      ^
make: *** [src/helloworld.o] 错误 1
09:29:06 **** Auto Build of configuration Debug for project motor_lynn ****
make pre-build main-build 
a9-linaro-pre-build-step
 
Building file: ../src/helloworld.c
Invoking: ARM v7 gcc compiler
arm-none-eabi-gcc -Wall -O0 -g3 -c -fmessage-length=0 -MT"src/helloworld.o" -mcpu=cortex-a9 -mfpu=vfpv3 -mfloat-abi=hard -I../../motor_lynn_bsp/ps7_cortexa9_0/include -MMD -MP -MF"src/helloworld.d" -MT"src/helloworld.o" -o "src/helloworld.o" "../src/helloworld.c"
../src/helloworld.c: In function 'main':
../src/helloworld.c:62:5: error: incompatible type for argument 1 of 'motor_init'
     motor_init(motor);
     ^
In file included from ../src/helloworld.c:52:0:
../src/motor.h:36:6: note: expected 'struct Motor_Data *' but argument is of type 'Motor_Data'
 void motor_init(Motor_Data *motor);
      ^
../src/helloworld.c:63:5: error: too many arguments to function 'print'
     print("pos_a_circle: %d, raster_a_circle: %d\r\n", motor.pos_a_circle, motor.raster_a_circle);
     ^
In file included from ../src/helloworld.c:50:0:
../../motor_lynn_bsp/ps7_cortexa9_0/include/xil_printf.h:36:6: note: declared here
 void print( const char8 *ptr);
      ^
make: *** [src/helloworld.o] 错误 1
09:29:14 **** Auto Build of configuration Debug for project motor_lynn ****
make pre-build main-build 
a9-linaro-pre-build-step
 
Building file: ../src/helloworld.c
Invoking: ARM v7 gcc compiler
arm-none-eabi-gcc -Wall -O0 -g3 -c -fmessage-length=0 -MT"src/helloworld.o" -mcpu=cortex-a9 -mfpu=vfpv3 -mfloat-abi=hard -I../../motor_lynn_bsp/ps7_cortexa9_0/include -MMD -MP -MF"src/helloworld.d" -MT"src/helloworld.o" -o "src/helloworld.o" "../src/helloworld.c"
../src/helloworld.c: In function 'main':
../src/helloworld.c:63:5: error: too many arguments to function 'print'
     print("pos_a_circle: %d, raster_a_circle: %d\r\n", motor.pos_a_circle, motor.raster_a_circle);
     ^
In file included from ../src/helloworld.c:50:0:
../../motor_lynn_bsp/ps7_cortexa9_0/include/xil_printf.h:36:6: note: declared here
 void print( const char8 *ptr);
      ^
make: *** [src/helloworld.o] 错误 1
09:29:46 **** Auto Build of configuration Debug for project motor_lynn ****
make pre-build main-build 
a9-linaro-pre-build-step
 
Building file: ../src/helloworld.c
Invoking: ARM v7 gcc compiler
arm-none-eabi-gcc -Wall -O0 -g3 -c -fmessage-length=0 -MT"src/helloworld.o" -mcpu=cortex-a9 -mfpu=vfpv3 -mfloat-abi=hard -I../../motor_lynn_bsp/ps7_cortexa9_0/include -MMD -MP -MF"src/helloworld.d" -MT"src/helloworld.o" -o "src/helloworld.o" "../src/helloworld.c"
../src/helloworld.c: In function 'main':
../src/helloworld.c:63:5: warning: implicit declaration of function 'xil_print' [-Wimplicit-function-declaration]
     xil_print("pos_a_circle: %d, raster_a_circle: %d\r\n", motor.pos_a_circle, motor.raster_a_circle);
     ^
Finished building: ../src/helloworld.c
 
Building file: ../src/motor.c
Invoking: ARM v7 gcc compiler
arm-none-eabi-gcc -Wall -O0 -g3 -c -fmessage-length=0 -MT"src/motor.o" -mcpu=cortex-a9 -mfpu=vfpv3 -mfloat-abi=hard -I../../motor_lynn_bsp/ps7_cortexa9_0/include -MMD -MP -MF"src/motor.d" -MT"src/motor.o" -o "src/motor.o" "../src/motor.c"
Finished building: ../src/motor.c
 
Building target: motor_lynn.elf
Invoking: ARM v7 gcc linker
arm-none-eabi-gcc -mcpu=cortex-a9 -mfpu=vfpv3 -mfloat-abi=hard -Wl,-build-id=none -specs=Xilinx.spec -Wl,-T -Wl,../src/lscript.ld -L../../motor_lynn_bsp/ps7_cortexa9_0/lib -o "motor_lynn.elf"  ./src/helloworld.o ./src/lidar_sys.o ./src/motor.o ./src/platform.o   -Wl,--start-group,-lxil,-lgcc,-lc,--end-group
./src/helloworld.o: In function `main':
E:\Lin\vivado_learing\motor_lynn\motor_lynn.sdk\motor_lynn\Debug/../src/helloworld.c:63: undefined reference to `xil_print'
collect2.exe: error: ld returned 1 exit status
make: *** [motor_lynn.elf] 错误 1
09:30:10 **** Auto Build of configuration Debug for project motor_lynn ****
make pre-build main-build 
a9-linaro-pre-build-step
 
Building file: ../src/helloworld.c
Invoking: ARM v7 gcc compiler
arm-none-eabi-gcc -Wall -O0 -g3 -c -fmessage-length=0 -MT"src/helloworld.o" -mcpu=cortex-a9 -mfpu=vfpv3 -mfloat-abi=hard -I../../motor_lynn_bsp/ps7_cortexa9_0/include -MMD -MP -MF"src/helloworld.d" -MT"src/helloworld.o" -o "src/helloworld.o" "../src/helloworld.c"
Finished building: ../src/helloworld.c
 
Building target: motor_lynn.elf
Invoking: ARM v7 gcc linker
arm-none-eabi-gcc -mcpu=cortex-a9 -mfpu=vfpv3 -mfloat-abi=hard -Wl,-build-id=none -specs=Xilinx.spec -Wl,-T -Wl,../src/lscript.ld -L../../motor_lynn_bsp/ps7_cortexa9_0/lib -o "motor_lynn.elf"  ./src/helloworld.o ./src/lidar_sys.o ./src/motor.o ./src/platform.o   -Wl,--start-group,-lxil,-lgcc,-lc,--end-group
Finished building target: motor_lynn.elf
 
Invoking: ARM v7 Print Size
arm-none-eabi-size motor_lynn.elf  |tee "motor_lynn.elf.size"
   text	   data	    bss	    dec	    hex	filename
  25792	   1152	 317492	 344436	  54174	motor_lynn.elf
Finished building: motor_lynn.elf.size
 
09:39:45 **** Incremental Build of configuration Debug for project motor_lynn ****
make pre-build main-build 
a9-linaro-pre-build-step
 
make: Nothing to be done for `main-build'.
09:40:20 **** Auto Build of configuration Debug for project motor_lynn ****
make pre-build main-build 
a9-linaro-pre-build-step
 
Building file: ../src/helloworld.c
Invoking: ARM v7 gcc compiler
arm-none-eabi-gcc -Wall -O0 -g3 -c -fmessage-length=0 -MT"src/helloworld.o" -mcpu=cortex-a9 -mfpu=vfpv3 -mfloat-abi=hard -I../../motor_lynn_bsp/ps7_cortexa9_0/include -MMD -MP -MF"src/helloworld.d" -MT"src/helloworld.o" -o "src/helloworld.o" "../src/helloworld.c"
../src/helloworld.c: In function 'main':
../src/helloworld.c:62:5: error: incompatible type for argument 1 of 'motor_init'
     motor_init(motor);
     ^
In file included from ../src/helloworld.c:52:0:
../src/motor.h:36:6: note: expected 'struct Motor_Data *' but argument is of type 'Motor_Data'
 void motor_init(Motor_Data *motor);
      ^
make: *** [src/helloworld.o] 错误 1
09:40:24 **** Auto Build of configuration Debug for project motor_lynn ****
make pre-build main-build 
a9-linaro-pre-build-step
 
Building file: ../src/helloworld.c
Invoking: ARM v7 gcc compiler
arm-none-eabi-gcc -Wall -O0 -g3 -c -fmessage-length=0 -MT"src/helloworld.o" -mcpu=cortex-a9 -mfpu=vfpv3 -mfloat-abi=hard -I../../motor_lynn_bsp/ps7_cortexa9_0/include -MMD -MP -MF"src/helloworld.d" -MT"src/helloworld.o" -o "src/helloworld.o" "../src/helloworld.c"
Finished building: ../src/helloworld.c
 
Building target: motor_lynn.elf
Invoking: ARM v7 gcc linker
arm-none-eabi-gcc -mcpu=cortex-a9 -mfpu=vfpv3 -mfloat-abi=hard -Wl,-build-id=none -specs=Xilinx.spec -Wl,-T -Wl,../src/lscript.ld -L../../motor_lynn_bsp/ps7_cortexa9_0/lib -o "motor_lynn.elf"  ./src/helloworld.o ./src/lidar_sys.o ./src/motor.o ./src/platform.o   -Wl,--start-group,-lxil,-lgcc,-lc,--end-group
Finished building target: motor_lynn.elf
 
Invoking: ARM v7 Print Size
arm-none-eabi-size motor_lynn.elf  |tee "motor_lynn.elf.size"
   text	   data	    bss	    dec	    hex	filename
  25792	   1152	 317492	 344436	  54174	motor_lynn.elf
Finished building: motor_lynn.elf.size
 
09:41:02 **** Incremental Build of configuration Debug for project motor_lynn ****
make pre-build main-build 
a9-linaro-pre-build-step
 
make: Nothing to be done for `main-build'.
09:46:44 **** Auto Build of configuration Debug for project motor_lynn ****
make pre-build main-build 
a9-linaro-pre-build-step
 
Building file: ../src/helloworld.c
Invoking: ARM v7 gcc compiler
arm-none-eabi-gcc -Wall -O0 -g3 -c -fmessage-length=0 -MT"src/helloworld.o" -mcpu=cortex-a9 -mfpu=vfpv3 -mfloat-abi=hard -I../../motor_lynn_bsp/ps7_cortexa9_0/include -MMD -MP -MF"src/helloworld.d" -MT"src/helloworld.o" -o "src/helloworld.o" "../src/helloworld.c"
Finished building: ../src/helloworld.c
 
Building target: motor_lynn.elf
Invoking: ARM v7 gcc linker
arm-none-eabi-gcc -mcpu=cortex-a9 -mfpu=vfpv3 -mfloat-abi=hard -Wl,-build-id=none -specs=Xilinx.spec -Wl,-T -Wl,../src/lscript.ld -L../../motor_lynn_bsp/ps7_cortexa9_0/lib -o "motor_lynn.elf"  ./src/helloworld.o ./src/lidar_sys.o ./src/motor.o ./src/platform.o   -Wl,--start-group,-lxil,-lgcc,-lc,--end-group
Finished building target: motor_lynn.elf
 
Invoking: ARM v7 Print Size
arm-none-eabi-size motor_lynn.elf  |tee "motor_lynn.elf.size"
   text	   data	    bss	    dec	    hex	filename
  25792	   1152	 317492	 344436	  54174	motor_lynn.elf
Finished building: motor_lynn.elf.size
 
09:46:49 **** Auto Build of configuration Debug for project motor_lynn ****
make pre-build main-build 
a9-linaro-pre-build-step
 
Building file: ../src/helloworld.c
Invoking: ARM v7 gcc compiler
arm-none-eabi-gcc -Wall -O0 -g3 -c -fmessage-length=0 -MT"src/helloworld.o" -mcpu=cortex-a9 -mfpu=vfpv3 -mfloat-abi=hard -I../../motor_lynn_bsp/ps7_cortexa9_0/include -MMD -MP -MF"src/helloworld.d" -MT"src/helloworld.o" -o "src/helloworld.o" "../src/helloworld.c"
Finished building: ../src/helloworld.c
 
Building target: motor_lynn.elf
Invoking: ARM v7 gcc linker
arm-none-eabi-gcc -mcpu=cortex-a9 -mfpu=vfpv3 -mfloat-abi=hard -Wl,-build-id=none -specs=Xilinx.spec -Wl,-T -Wl,../src/lscript.ld -L../../motor_lynn_bsp/ps7_cortexa9_0/lib -o "motor_lynn.elf"  ./src/helloworld.o ./src/lidar_sys.o ./src/motor.o ./src/platform.o   -Wl,--start-group,-lxil,-lgcc,-lc,--end-group
Finished building target: motor_lynn.elf
 
Invoking: ARM v7 Print Size
arm-none-eabi-size motor_lynn.elf  |tee "motor_lynn.elf.size"
   text	   data	    bss	    dec	    hex	filename
  25792	   1152	 317492	 344436	  54174	motor_lynn.elf
Finished building: motor_lynn.elf.size
 
09:46:55 **** Auto Build of configuration Debug for project motor_lynn ****
make pre-build main-build 
a9-linaro-pre-build-step
 
Building file: ../src/helloworld.c
Invoking: ARM v7 gcc compiler
arm-none-eabi-gcc -Wall -O0 -g3 -c -fmessage-length=0 -MT"src/helloworld.o" -mcpu=cortex-a9 -mfpu=vfpv3 -mfloat-abi=hard -I../../motor_lynn_bsp/ps7_cortexa9_0/include -MMD -MP -MF"src/helloworld.d" -MT"src/helloworld.o" -o "src/helloworld.o" "../src/helloworld.c"
Finished building: ../src/helloworld.c
 
Building target: motor_lynn.elf
Invoking: ARM v7 gcc linker
arm-none-eabi-gcc -mcpu=cortex-a9 -mfpu=vfpv3 -mfloat-abi=hard -Wl,-build-id=none -specs=Xilinx.spec -Wl,-T -Wl,../src/lscript.ld -L../../motor_lynn_bsp/ps7_cortexa9_0/lib -o "motor_lynn.elf"  ./src/helloworld.o ./src/lidar_sys.o ./src/motor.o ./src/platform.o   -Wl,--start-group,-lxil,-lgcc,-lc,--end-group
Finished building target: motor_lynn.elf
 
Invoking: ARM v7 Print Size
arm-none-eabi-size motor_lynn.elf  |tee "motor_lynn.elf.size"
   text	   data	    bss	    dec	    hex	filename
  25792	   1152	 317492	 344436	  54174	motor_lynn.elf
Finished building: motor_lynn.elf.size
 
09:47:28 **** Incremental Build of configuration Debug for project motor_lynn ****
make pre-build main-build 
a9-linaro-pre-build-step
 
make: Nothing to be done for `main-build'.
09:47:50 **** Incremental Build of configuration Debug for project motor_lynn ****
make pre-build main-build 
a9-linaro-pre-build-step
 
make: Nothing to be done for `main-build'.
10:04:23 **** Clean-only build of project motor_lynn_bsp ****
make -k clean 
rm -f ps7_cortexa9_0/lib/libxil.a
10:04:24 **** Clean-only build of configuration Debug for project motor_lynn ****
make clean 
rm -rf  ./src/helloworld.o ./src/lidar_sys.o ./src/motor.o ./src/platform.o  ./src/helloworld.d ./src/lidar_sys.d ./src/motor.d ./src/platform.d  motor_lynn.elf.size  motor_lynn.elf
 
10:04:24 **** Build of project motor_lynn_bsp ****
make -k all 
"Running Make include in ps7_cortexa9_0/libsrc/coresightps_dcc_v1_2/src"
make -C ps7_cortexa9_0/libsrc/coresightps_dcc_v1_2/src -s include  "SHELL=CMD" "COMPILER=arm-none-eabi-gcc" "ARCHIVER=arm-none-eabi-ar" "COMPILER_FLAGS=  -O2 -c" "EXTRA_COMPILER_FLAGS=-mcpu=cortex-a9 -mfpu=vfpv3 -mfloat-abi=hard -nostartfiles"
"Running Make include in ps7_cortexa9_0/libsrc/cpu_cortexa9_v2_2/src"
make -C ps7_cortexa9_0/libsrc/cpu_cortexa9_v2_2/src -s include  "SHELL=CMD" "COMPILER=arm-none-eabi-gcc" "ARCHIVER=arm-none-eabi-ar" "COMPILER_FLAGS=  -O2 -c" "EXTRA_COMPILER_FLAGS=-mcpu=cortex-a9 -mfpu=vfpv3 -mfloat-abi=hard -nostartfiles"
"Running Make include in ps7_cortexa9_0/libsrc/ddrps_v1_0/src"
make -C ps7_cortexa9_0/libsrc/ddrps_v1_0/src -s include  "SHELL=CMD" "COMPILER=arm-none-eabi-gcc" "ARCHIVER=arm-none-eabi-ar" "COMPILER_FLAGS=  -O2 -c" "EXTRA_COMPILER_FLAGS=-mcpu=cortex-a9 -mfpu=vfpv3 -mfloat-abi=hard -nostartfiles"
"Running Make include in ps7_cortexa9_0/libsrc/devcfg_v3_4/src"
make -C ps7_cortexa9_0/libsrc/devcfg_v3_4/src -s include  "SHELL=CMD" "COMPILER=arm-none-eabi-gcc" "ARCHIVER=arm-none-eabi-ar" "COMPILER_FLAGS=  -O2 -c" "EXTRA_COMPILER_FLAGS=-mcpu=cortex-a9 -mfpu=vfpv3 -mfloat-abi=hard -nostartfiles"
"Running Make include in ps7_cortexa9_0/libsrc/dmaps_v2_1/src"
make -C ps7_cortexa9_0/libsrc/dmaps_v2_1/src -s include  "SHELL=CMD" "COMPILER=arm-none-eabi-gcc" "ARCHIVER=arm-none-eabi-ar" "COMPILER_FLAGS=  -O2 -c" "EXTRA_COMPILER_FLAGS=-mcpu=cortex-a9 -mfpu=vfpv3 -mfloat-abi=hard -nostartfiles"
"Running Make include in ps7_cortexa9_0/libsrc/emacps_v3_2/src"
make -C ps7_cortexa9_0/libsrc/emacps_v3_2/src -s include  "SHELL=CMD" "COMPILER=arm-none-eabi-gcc" "ARCHIVER=arm-none-eabi-ar" "COMPILER_FLAGS=  -O2 -c" "EXTRA_COMPILER_FLAGS=-mcpu=cortex-a9 -mfpu=vfpv3 -mfloat-abi=hard -nostartfiles"
"Running Make include in ps7_cortexa9_0/libsrc/gpiops_v3_1/src"
make -C ps7_cortexa9_0/libsrc/gpiops_v3_1/src -s include  "SHELL=CMD" "COMPILER=arm-none-eabi-gcc" "ARCHIVER=arm-none-eabi-ar" "COMPILER_FLAGS=  -O2 -c" "EXTRA_COMPILER_FLAGS=-mcpu=cortex-a9 -mfpu=vfpv3 -mfloat-abi=hard -nostartfiles"
"Running Make include in ps7_cortexa9_0/libsrc/motor_v1_0/src"
make -C ps7_cortexa9_0/libsrc/motor_v1_0/src -s include  "SHELL=CMD" "COMPILER=arm-none-eabi-gcc" "ARCHIVER=arm-none-eabi-ar" "COMPILER_FLAGS=  -O2 -c" "EXTRA_COMPILER_FLAGS=-mcpu=cortex-a9 -mfpu=vfpv3 -mfloat-abi=hard -nostartfiles"
"Running Make include in ps7_cortexa9_0/libsrc/qspips_v3_3/src"
make -C ps7_cortexa9_0/libsrc/qspips_v3_3/src -s include  "SHELL=CMD" "COMPILER=arm-none-eabi-gcc" "ARCHIVER=arm-none-eabi-ar" "COMPILER_FLAGS=  -O2 -c" "EXTRA_COMPILER_FLAGS=-mcpu=cortex-a9 -mfpu=vfpv3 -mfloat-abi=hard -nostartfiles"
"Running Make include in ps7_cortexa9_0/libsrc/scugic_v3_3/src"
make -C ps7_cortexa9_0/libsrc/scugic_v3_3/src -s include  "SHELL=CMD" "COMPILER=arm-none-eabi-gcc" "ARCHIVER=arm-none-eabi-ar" "COMPILER_FLAGS=  -O2 -c" "EXTRA_COMPILER_FLAGS=-mcpu=cortex-a9 -mfpu=vfpv3 -mfloat-abi=hard -nostartfiles"
"Running Make include in ps7_cortexa9_0/libsrc/scutimer_v2_1/src"
make -C ps7_cortexa9_0/libsrc/scutimer_v2_1/src -s include  "SHELL=CMD" "COMPILER=arm-none-eabi-gcc" "ARCHIVER=arm-none-eabi-ar" "COMPILER_FLAGS=  -O2 -c" "EXTRA_COMPILER_FLAGS=-mcpu=cortex-a9 -mfpu=vfpv3 -mfloat-abi=hard -nostartfiles"
"Running Make include in ps7_cortexa9_0/libsrc/scuwdt_v2_1/src"
make -C ps7_cortexa9_0/libsrc/scuwdt_v2_1/src -s include  "SHELL=CMD" "COMPILER=arm-none-eabi-gcc" "ARCHIVER=arm-none-eabi-ar" "COMPILER_FLAGS=  -O2 -c" "EXTRA_COMPILER_FLAGS=-mcpu=cortex-a9 -mfpu=vfpv3 -mfloat-abi=hard -nostartfiles"
"Running Make include in ps7_cortexa9_0/libsrc/sdps_v2_8/src"
make -C ps7_cortexa9_0/libsrc/sdps_v2_8/src -s include  "SHELL=CMD" "COMPILER=arm-none-eabi-gcc" "ARCHIVER=arm-none-eabi-ar" "COMPILER_FLAGS=  -O2 -c" "EXTRA_COMPILER_FLAGS=-mcpu=cortex-a9 -mfpu=vfpv3 -mfloat-abi=hard -nostartfiles"
"Running Make include in ps7_cortexa9_0/libsrc/standalone_v5_5/src"
make -C ps7_cortexa9_0/libsrc/standalone_v5_5/src -s include  "SHELL=CMD" "COMPILER=arm-none-eabi-gcc" "ARCHIVER=arm-none-eabi-ar" "COMPILER_FLAGS=  -O2 -c" "EXTRA_COMPILER_FLAGS=-mcpu=cortex-a9 -mfpu=vfpv3 -mfloat-abi=hard -nostartfiles"
"Running Make include in ps7_cortexa9_0/libsrc/ttcps_v3_1/src"
make -C ps7_cortexa9_0/libsrc/ttcps_v3_1/src -s include  "SHELL=CMD" "COMPILER=arm-none-eabi-gcc" "ARCHIVER=arm-none-eabi-ar" "COMPILER_FLAGS=  -O2 -c" "EXTRA_COMPILER_FLAGS=-mcpu=cortex-a9 -mfpu=vfpv3 -mfloat-abi=hard -nostartfiles"
"Running Make include in ps7_cortexa9_0/libsrc/uartps_v3_1/src"
make -C ps7_cortexa9_0/libsrc/uartps_v3_1/src -s include  "SHELL=CMD" "COMPILER=arm-none-eabi-gcc" "ARCHIVER=arm-none-eabi-ar" "COMPILER_FLAGS=  -O2 -c" "EXTRA_COMPILER_FLAGS=-mcpu=cortex-a9 -mfpu=vfpv3 -mfloat-abi=hard -nostartfiles"
"Running Make include in ps7_cortexa9_0/libsrc/usbps_v2_4/src"
make -C ps7_cortexa9_0/libsrc/usbps_v2_4/src -s include  "SHELL=CMD" "COMPILER=arm-none-eabi-gcc" "ARCHIVER=arm-none-eabi-ar" "COMPILER_FLAGS=  -O2 -c" "EXTRA_COMPILER_FLAGS=-mcpu=cortex-a9 -mfpu=vfpv3 -mfloat-abi=hard -nostartfiles"
"Running Make include in ps7_cortexa9_0/libsrc/xadcps_v2_2/src"
make -C ps7_cortexa9_0/libsrc/xadcps_v2_2/src -s include  "SHELL=CMD" "COMPILER=arm-none-eabi-gcc" "ARCHIVER=arm-none-eabi-ar" "COMPILER_FLAGS=  -O2 -c" "EXTRA_COMPILER_FLAGS=-mcpu=cortex-a9 -mfpu=vfpv3 -mfloat-abi=hard -nostartfiles"
"Running Make libs in ps7_cortexa9_0/libsrc/coresightps_dcc_v1_2/src"
make -C ps7_cortexa9_0/libsrc/coresightps_dcc_v1_2/src -s libs  "SHELL=CMD" "COMPILER=arm-none-eabi-gcc" "ARCHIVER=arm-none-eabi-ar" "COMPILER_FLAGS=  -O2 -c" "EXTRA_COMPILER_FLAGS=-mcpu=cortex-a9 -mfpu=vfpv3 -mfloat-abi=hard -nostartfiles"
"Compiling coresightps_dcc"
arm-none-eabi-ar: 正在创建 ../../../lib/libxil.a
"Running Make libs in ps7_cortexa9_0/libsrc/cpu_cortexa9_v2_2/src"
make -C ps7_cortexa9_0/libsrc/cpu_cortexa9_v2_2/src -s libs  "SHELL=CMD" "COMPILER=arm-none-eabi-gcc" "ARCHIVER=arm-none-eabi-ar" "COMPILER_FLAGS=  -O2 -c" "EXTRA_COMPILER_FLAGS=-mcpu=cortex-a9 -mfpu=vfpv3 -mfloat-abi=hard -nostartfiles"
"Compiling cpu_cortexa9"
"Running Make libs in ps7_cortexa9_0/libsrc/ddrps_v1_0/src"
make -C ps7_cortexa9_0/libsrc/ddrps_v1_0/src -s libs  "SHELL=CMD" "COMPILER=arm-none-eabi-gcc" "ARCHIVER=arm-none-eabi-ar" "COMPILER_FLAGS=  -O2 -c" "EXTRA_COMPILER_FLAGS=-mcpu=cortex-a9 -mfpu=vfpv3 -mfloat-abi=hard -nostartfiles"
"Compiling ddrps"
"Running Make libs in ps7_cortexa9_0/libsrc/devcfg_v3_4/src"
make -C ps7_cortexa9_0/libsrc/devcfg_v3_4/src -s libs  "SHELL=CMD" "COMPILER=arm-none-eabi-gcc" "ARCHIVER=arm-none-eabi-ar" "COMPILER_FLAGS=  -O2 -c" "EXTRA_COMPILER_FLAGS=-mcpu=cortex-a9 -mfpu=vfpv3 -mfloat-abi=hard -nostartfiles"
"Compiling devcfg"
"Running Make libs in ps7_cortexa9_0/libsrc/dmaps_v2_1/src"
make -C ps7_cortexa9_0/libsrc/dmaps_v2_1/src -s libs  "SHELL=CMD" "COMPILER=arm-none-eabi-gcc" "ARCHIVER=arm-none-eabi-ar" "COMPILER_FLAGS=  -O2 -c" "EXTRA_COMPILER_FLAGS=-mcpu=cortex-a9 -mfpu=vfpv3 -mfloat-abi=hard -nostartfiles"
"Compiling dmaps"
"Running Make libs in ps7_cortexa9_0/libsrc/emacps_v3_2/src"
make -C ps7_cortexa9_0/libsrc/emacps_v3_2/src -s libs  "SHELL=CMD" "COMPILER=arm-none-eabi-gcc" "ARCHIVER=arm-none-eabi-ar" "COMPILER_FLAGS=  -O2 -c" "EXTRA_COMPILER_FLAGS=-mcpu=cortex-a9 -mfpu=vfpv3 -mfloat-abi=hard -nostartfiles"
"Compiling emacps"
"Running Make libs in ps7_cortexa9_0/libsrc/gpiops_v3_1/src"
make -C ps7_cortexa9_0/libsrc/gpiops_v3_1/src -s libs  "SHELL=CMD" "COMPILER=arm-none-eabi-gcc" "ARCHIVER=arm-none-eabi-ar" "COMPILER_FLAGS=  -O2 -c" "EXTRA_COMPILER_FLAGS=-mcpu=cortex-a9 -mfpu=vfpv3 -mfloat-abi=hard -nostartfiles"
"Compiling gpiops"
"Running Make libs in ps7_cortexa9_0/libsrc/motor_v1_0/src"
make -C ps7_cortexa9_0/libsrc/motor_v1_0/src -s libs  "SHELL=CMD" "COMPILER=arm-none-eabi-gcc" "ARCHIVER=arm-none-eabi-ar" "COMPILER_FLAGS=  -O2 -c" "EXTRA_COMPILER_FLAGS=-mcpu=cortex-a9 -mfpu=vfpv3 -mfloat-abi=hard -nostartfiles"
"Compiling motor..."
"Running Make libs in ps7_cortexa9_0/libsrc/qspips_v3_3/src"
make -C ps7_cortexa9_0/libsrc/qspips_v3_3/src -s libs  "SHELL=CMD" "COMPILER=arm-none-eabi-gcc" "ARCHIVER=arm-none-eabi-ar" "COMPILER_FLAGS=  -O2 -c" "EXTRA_COMPILER_FLAGS=-mcpu=cortex-a9 -mfpu=vfpv3 -mfloat-abi=hard -nostartfiles"
"Compiling qspips"
"Running Make libs in ps7_cortexa9_0/libsrc/scugic_v3_3/src"
make -C ps7_cortexa9_0/libsrc/scugic_v3_3/src -s libs  "SHELL=CMD" "COMPILER=arm-none-eabi-gcc" "ARCHIVER=arm-none-eabi-ar" "COMPILER_FLAGS=  -O2 -c" "EXTRA_COMPILER_FLAGS=-mcpu=cortex-a9 -mfpu=vfpv3 -mfloat-abi=hard -nostartfiles"
"Compiling scugic"
"Running Make libs in ps7_cortexa9_0/libsrc/scutimer_v2_1/src"
make -C ps7_cortexa9_0/libsrc/scutimer_v2_1/src -s libs  "SHELL=CMD" "COMPILER=arm-none-eabi-gcc" "ARCHIVER=arm-none-eabi-ar" "COMPILER_FLAGS=  -O2 -c" "EXTRA_COMPILER_FLAGS=-mcpu=cortex-a9 -mfpu=vfpv3 -mfloat-abi=hard -nostartfiles"
"Compiling scutimer"
"Running Make libs in ps7_cortexa9_0/libsrc/scuwdt_v2_1/src"
make -C ps7_cortexa9_0/libsrc/scuwdt_v2_1/src -s libs  "SHELL=CMD" "COMPILER=arm-none-eabi-gcc" "ARCHIVER=arm-none-eabi-ar" "COMPILER_FLAGS=  -O2 -c" "EXTRA_COMPILER_FLAGS=-mcpu=cortex-a9 -mfpu=vfpv3 -mfloat-abi=hard -nostartfiles"
"Compiling scuwdt"
"Running Make libs in ps7_cortexa9_0/libsrc/sdps_v2_8/src"
make -C ps7_cortexa9_0/libsrc/sdps_v2_8/src -s libs  "SHELL=CMD" "COMPILER=arm-none-eabi-gcc" "ARCHIVER=arm-none-eabi-ar" "COMPILER_FLAGS=  -O2 -c" "EXTRA_COMPILER_FLAGS=-mcpu=cortex-a9 -mfpu=vfpv3 -mfloat-abi=hard -nostartfiles"
"Compiling sdps"
"Running Make libs in ps7_cortexa9_0/libsrc/standalone_v5_5/src"
make -C ps7_cortexa9_0/libsrc/standalone_v5_5/src -s libs  "SHELL=CMD" "COMPILER=arm-none-eabi-gcc" "ARCHIVER=arm-none-eabi-ar" "COMPILER_FLAGS=  -O2 -c" "EXTRA_COMPILER_FLAGS=-mcpu=cortex-a9 -mfpu=vfpv3 -mfloat-abi=hard -nostartfiles"
"Compiling standalone"
"Running Make libs in ps7_cortexa9_0/libsrc/ttcps_v3_1/src"
make -C ps7_cortexa9_0/libsrc/ttcps_v3_1/src -s libs  "SHELL=CMD" "COMPILER=arm-none-eabi-gcc" "ARCHIVER=arm-none-eabi-ar" "COMPILER_FLAGS=  -O2 -c" "EXTRA_COMPILER_FLAGS=-mcpu=cortex-a9 -mfpu=vfpv3 -mfloat-abi=hard -nostartfiles"
"Compiling ttcps"
"Running Make libs in ps7_cortexa9_0/libsrc/uartps_v3_1/src"
make -C ps7_cortexa9_0/libsrc/uartps_v3_1/src -s libs  "SHELL=CMD" "COMPILER=arm-none-eabi-gcc" "ARCHIVER=arm-none-eabi-ar" "COMPILER_FLAGS=  -O2 -c" "EXTRA_COMPILER_FLAGS=-mcpu=cortex-a9 -mfpu=vfpv3 -mfloat-abi=hard -nostartfiles"
"Compiling uartps"
"Running Make libs in ps7_cortexa9_0/libsrc/usbps_v2_4/src"
make -C ps7_cortexa9_0/libsrc/usbps_v2_4/src -s libs  "SHELL=CMD" "COMPILER=arm-none-eabi-gcc" "ARCHIVER=arm-none-eabi-ar" "COMPILER_FLAGS=  -O2 -c" "EXTRA_COMPILER_FLAGS=-mcpu=cortex-a9 -mfpu=vfpv3 -mfloat-abi=hard -nostartfiles"
"Compiling usbps"
"Running Make libs in ps7_cortexa9_0/libsrc/xadcps_v2_2/src"
make -C ps7_cortexa9_0/libsrc/xadcps_v2_2/src -s libs  "SHELL=CMD" "COMPILER=arm-none-eabi-gcc" "ARCHIVER=arm-none-eabi-ar" "COMPILER_FLAGS=  -O2 -c" "EXTRA_COMPILER_FLAGS=-mcpu=cortex-a9 -mfpu=vfpv3 -mfloat-abi=hard -nostartfiles"
"Compiling xadcps"
'Finished building libraries'
10:04:41 **** Build of configuration Debug for project motor_lynn ****
make pre-build main-build 
a9-linaro-pre-build-step
 
Building file: ../src/helloworld.c
Invoking: ARM v7 gcc compiler
arm-none-eabi-gcc -Wall -O0 -g3 -c -fmessage-length=0 -MT"src/helloworld.o" -mcpu=cortex-a9 -mfpu=vfpv3 -mfloat-abi=hard -I../../motor_lynn_bsp/ps7_cortexa9_0/include -MMD -MP -MF"src/helloworld.d" -MT"src/helloworld.o" -o "src/helloworld.o" "../src/helloworld.c"
Finished building: ../src/helloworld.c
 
Building file: ../src/lidar_sys.c
Invoking: ARM v7 gcc compiler
arm-none-eabi-gcc -Wall -O0 -g3 -c -fmessage-length=0 -MT"src/lidar_sys.o" -mcpu=cortex-a9 -mfpu=vfpv3 -mfloat-abi=hard -I../../motor_lynn_bsp/ps7_cortexa9_0/include -MMD -MP -MF"src/lidar_sys.d" -MT"src/lidar_sys.o" -o "src/lidar_sys.o" "../src/lidar_sys.c"
Finished building: ../src/lidar_sys.c
 
Building file: ../src/motor.c
Invoking: ARM v7 gcc compiler
arm-none-eabi-gcc -Wall -O0 -g3 -c -fmessage-length=0 -MT"src/motor.o" -mcpu=cortex-a9 -mfpu=vfpv3 -mfloat-abi=hard -I../../motor_lynn_bsp/ps7_cortexa9_0/include -MMD -MP -MF"src/motor.d" -MT"src/motor.o" -o "src/motor.o" "../src/motor.c"
Finished building: ../src/motor.c
 
Building file: ../src/platform.c
Invoking: ARM v7 gcc compiler
arm-none-eabi-gcc -Wall -O0 -g3 -c -fmessage-length=0 -MT"src/platform.o" -mcpu=cortex-a9 -mfpu=vfpv3 -mfloat-abi=hard -I../../motor_lynn_bsp/ps7_cortexa9_0/include -MMD -MP -MF"src/platform.d" -MT"src/platform.o" -o "src/platform.o" "../src/platform.c"
Finished building: ../src/platform.c
 
Building target: motor_lynn.elf
Invoking: ARM v7 gcc linker
arm-none-eabi-gcc -mcpu=cortex-a9 -mfpu=vfpv3 -mfloat-abi=hard -Wl,-build-id=none -specs=Xilinx.spec -Wl,-T -Wl,../src/lscript.ld -L../../motor_lynn_bsp/ps7_cortexa9_0/lib -o "motor_lynn.elf"  ./src/helloworld.o ./src/lidar_sys.o ./src/motor.o ./src/platform.o   -Wl,--start-group,-lxil,-lgcc,-lc,--end-group
Finished building target: motor_lynn.elf
 
Invoking: ARM v7 Print Size
arm-none-eabi-size motor_lynn.elf  |tee "motor_lynn.elf.size"
   text	   data	    bss	    dec	    hex	filename
  25792	   1152	 317492	 344436	  54174	motor_lynn.elf
Finished building: motor_lynn.elf.size
 
10:05:32 **** Incremental Build of configuration Debug for project motor_lynn ****
make pre-build main-build 
a9-linaro-pre-build-step
 
make: Nothing to be done for `main-build'.
10:06:12 **** Auto Build of configuration Debug for project motor_lynn ****
make pre-build main-build 
a9-linaro-pre-build-step
 
Building file: ../src/helloworld.c
Invoking: ARM v7 gcc compiler
arm-none-eabi-gcc -Wall -O0 -g3 -c -fmessage-length=0 -MT"src/helloworld.o" -mcpu=cortex-a9 -mfpu=vfpv3 -mfloat-abi=hard -I../../motor_lynn_bsp/ps7_cortexa9_0/include -MMD -MP -MF"src/helloworld.d" -MT"src/helloworld.o" -o "src/helloworld.o" "../src/helloworld.c"
Finished building: ../src/helloworld.c
 
Building target: motor_lynn.elf
Invoking: ARM v7 gcc linker
arm-none-eabi-gcc -mcpu=cortex-a9 -mfpu=vfpv3 -mfloat-abi=hard -Wl,-build-id=none -specs=Xilinx.spec -Wl,-T -Wl,../src/lscript.ld -L../../motor_lynn_bsp/ps7_cortexa9_0/lib -o "motor_lynn.elf"  ./src/helloworld.o ./src/lidar_sys.o ./src/motor.o ./src/platform.o   -Wl,--start-group,-lxil,-lgcc,-lc,--end-group
Finished building target: motor_lynn.elf
 
Invoking: ARM v7 Print Size
arm-none-eabi-size motor_lynn.elf  |tee "motor_lynn.elf.size"
   text	   data	    bss	    dec	    hex	filename
  25792	   1152	 317492	 344436	  54174	motor_lynn.elf
Finished building: motor_lynn.elf.size
 
10:06:23 **** Incremental Build of configuration Debug for project motor_lynn ****
make pre-build main-build 
a9-linaro-pre-build-step
 
make: Nothing to be done for `main-build'.
10:16:35 **** Auto Build of configuration Debug for project motor_lynn ****
make pre-build main-build 
a9-linaro-pre-build-step
 
Building file: ../src/helloworld.c
Invoking: ARM v7 gcc compiler
arm-none-eabi-gcc -Wall -O0 -g3 -c -fmessage-length=0 -MT"src/helloworld.o" -mcpu=cortex-a9 -mfpu=vfpv3 -mfloat-abi=hard -I../../motor_lynn_bsp/ps7_cortexa9_0/include -MMD -MP -MF"src/helloworld.d" -MT"src/helloworld.o" -o "src/helloworld.o" "../src/helloworld.c"
Finished building: ../src/helloworld.c
 
Building target: motor_lynn.elf
Invoking: ARM v7 gcc linker
arm-none-eabi-gcc -mcpu=cortex-a9 -mfpu=vfpv3 -mfloat-abi=hard -Wl,-build-id=none -specs=Xilinx.spec -Wl,-T -Wl,../src/lscript.ld -L../../motor_lynn_bsp/ps7_cortexa9_0/lib -o "motor_lynn.elf"  ./src/helloworld.o ./src/lidar_sys.o ./src/motor.o ./src/platform.o   -Wl,--start-group,-lxil,-lgcc,-lc,--end-group
Finished building target: motor_lynn.elf
 
Invoking: ARM v7 Print Size
arm-none-eabi-size motor_lynn.elf  |tee "motor_lynn.elf.size"
   text	   data	    bss	    dec	    hex	filename
  25792	   1152	 317492	 344436	  54174	motor_lynn.elf
Finished building: motor_lynn.elf.size
 
10:17:14 **** Incremental Build of configuration Debug for project motor_lynn ****
make pre-build main-build 
a9-linaro-pre-build-step
 
make: Nothing to be done for `main-build'.
10:19:01 **** Auto Build of configuration Debug for project motor_lynn ****
make pre-build main-build 
a9-linaro-pre-build-step
 
Building file: ../src/motor.c
Invoking: ARM v7 gcc compiler
arm-none-eabi-gcc -Wall -O0 -g3 -c -fmessage-length=0 -MT"src/motor.o" -mcpu=cortex-a9 -mfpu=vfpv3 -mfloat-abi=hard -I../../motor_lynn_bsp/ps7_cortexa9_0/include -MMD -MP -MF"src/motor.d" -MT"src/motor.o" -o "src/motor.o" "../src/motor.c"
Finished building: ../src/motor.c
 
Building target: motor_lynn.elf
Invoking: ARM v7 gcc linker
arm-none-eabi-gcc -mcpu=cortex-a9 -mfpu=vfpv3 -mfloat-abi=hard -Wl,-build-id=none -specs=Xilinx.spec -Wl,-T -Wl,../src/lscript.ld -L../../motor_lynn_bsp/ps7_cortexa9_0/lib -o "motor_lynn.elf"  ./src/helloworld.o ./src/lidar_sys.o ./src/motor.o ./src/platform.o   -Wl,--start-group,-lxil,-lgcc,-lc,--end-group
Finished building target: motor_lynn.elf
 
Invoking: ARM v7 Print Size
arm-none-eabi-size motor_lynn.elf  |tee "motor_lynn.elf.size"
   text	   data	    bss	    dec	    hex	filename
  25792	   1152	 317492	 344436	  54174	motor_lynn.elf
Finished building: motor_lynn.elf.size
 
10:19:05 **** Incremental Build of configuration Debug for project motor_lynn ****
make pre-build main-build 
a9-linaro-pre-build-step
 
make: Nothing to be done for `main-build'.
10:19:22 **** Auto Build of configuration Debug for project motor_lynn ****
make pre-build main-build 
a9-linaro-pre-build-step
 
Building file: ../src/motor.c
Invoking: ARM v7 gcc compiler
arm-none-eabi-gcc -Wall -O0 -g3 -c -fmessage-length=0 -MT"src/motor.o" -mcpu=cortex-a9 -mfpu=vfpv3 -mfloat-abi=hard -I../../motor_lynn_bsp/ps7_cortexa9_0/include -MMD -MP -MF"src/motor.d" -MT"src/motor.o" -o "src/motor.o" "../src/motor.c"
Finished building: ../src/motor.c
 
Building target: motor_lynn.elf
Invoking: ARM v7 gcc linker
arm-none-eabi-gcc -mcpu=cortex-a9 -mfpu=vfpv3 -mfloat-abi=hard -Wl,-build-id=none -specs=Xilinx.spec -Wl,-T -Wl,../src/lscript.ld -L../../motor_lynn_bsp/ps7_cortexa9_0/lib -o "motor_lynn.elf"  ./src/helloworld.o ./src/lidar_sys.o ./src/motor.o ./src/platform.o   -Wl,--start-group,-lxil,-lgcc,-lc,--end-group
Finished building target: motor_lynn.elf
 
Invoking: ARM v7 Print Size
arm-none-eabi-size motor_lynn.elf  |tee "motor_lynn.elf.size"
   text	   data	    bss	    dec	    hex	filename
  25792	   1152	 317492	 344436	  54174	motor_lynn.elf
Finished building: motor_lynn.elf.size
 
10:39:55 **** Auto Build of configuration Debug for project motor_lynn ****
make pre-build main-build 
a9-linaro-pre-build-step
 
Building file: ../src/motor.c
Invoking: ARM v7 gcc compiler
arm-none-eabi-gcc -Wall -O0 -g3 -c -fmessage-length=0 -MT"src/motor.o" -mcpu=cortex-a9 -mfpu=vfpv3 -mfloat-abi=hard -I../../motor_lynn_bsp/ps7_cortexa9_0/include -MMD -MP -MF"src/motor.d" -MT"src/motor.o" -o "src/motor.o" "../src/motor.c"
../src/motor.c: In function 'motor_wait_until_inited':
../src/motor.c:24:39: error: expected expression before ')' token
         xil_printf("pos_counter: %d", )
                                       ^
make: *** [src/motor.o] 错误 1
10:40:52 **** Auto Build of configuration Debug for project motor_lynn ****
make pre-build main-build 
a9-linaro-pre-build-step
 
Building file: ../src/motor.c
Invoking: ARM v7 gcc compiler
arm-none-eabi-gcc -Wall -O0 -g3 -c -fmessage-length=0 -MT"src/motor.o" -mcpu=cortex-a9 -mfpu=vfpv3 -mfloat-abi=hard -I../../motor_lynn_bsp/ps7_cortexa9_0/include -MMD -MP -MF"src/motor.d" -MT"src/motor.o" -o "src/motor.o" "../src/motor.c"
Finished building: ../src/motor.c
 
Building target: motor_lynn.elf
Invoking: ARM v7 gcc linker
arm-none-eabi-gcc -mcpu=cortex-a9 -mfpu=vfpv3 -mfloat-abi=hard -Wl,-build-id=none -specs=Xilinx.spec -Wl,-T -Wl,../src/lscript.ld -L../../motor_lynn_bsp/ps7_cortexa9_0/lib -o "motor_lynn.elf"  ./src/helloworld.o ./src/lidar_sys.o ./src/motor.o ./src/platform.o   -Wl,--start-group,-lxil,-lgcc,-lc,--end-group
Finished building target: motor_lynn.elf
 
Invoking: ARM v7 Print Size
arm-none-eabi-size motor_lynn.elf  |tee "motor_lynn.elf.size"
   text	   data	    bss	    dec	    hex	filename
  25808	   1152	 317492	 344452	  54184	motor_lynn.elf
Finished building: motor_lynn.elf.size
 
10:41:24 **** Clean-only build of project motor_lynn_bsp ****
make -k clean 
rm -f ps7_cortexa9_0/lib/libxil.a
10:41:24 **** Clean-only build of configuration Debug for project motor_lynn ****
make clean 
rm -rf  ./src/helloworld.o ./src/lidar_sys.o ./src/motor.o ./src/platform.o  ./src/helloworld.d ./src/lidar_sys.d ./src/motor.d ./src/platform.d  motor_lynn.elf.size  motor_lynn.elf
 
10:41:25 **** Build of project motor_lynn_bsp ****
make -k all 
"Running Make include in ps7_cortexa9_0/libsrc/coresightps_dcc_v1_2/src"
make -C ps7_cortexa9_0/libsrc/coresightps_dcc_v1_2/src -s include  "SHELL=CMD" "COMPILER=arm-none-eabi-gcc" "ARCHIVER=arm-none-eabi-ar" "COMPILER_FLAGS=  -O2 -c" "EXTRA_COMPILER_FLAGS=-mcpu=cortex-a9 -mfpu=vfpv3 -mfloat-abi=hard -nostartfiles"
"Running Make include in ps7_cortexa9_0/libsrc/cpu_cortexa9_v2_2/src"
make -C ps7_cortexa9_0/libsrc/cpu_cortexa9_v2_2/src -s include  "SHELL=CMD" "COMPILER=arm-none-eabi-gcc" "ARCHIVER=arm-none-eabi-ar" "COMPILER_FLAGS=  -O2 -c" "EXTRA_COMPILER_FLAGS=-mcpu=cortex-a9 -mfpu=vfpv3 -mfloat-abi=hard -nostartfiles"
"Running Make include in ps7_cortexa9_0/libsrc/ddrps_v1_0/src"
make -C ps7_cortexa9_0/libsrc/ddrps_v1_0/src -s include  "SHELL=CMD" "COMPILER=arm-none-eabi-gcc" "ARCHIVER=arm-none-eabi-ar" "COMPILER_FLAGS=  -O2 -c" "EXTRA_COMPILER_FLAGS=-mcpu=cortex-a9 -mfpu=vfpv3 -mfloat-abi=hard -nostartfiles"
"Running Make include in ps7_cortexa9_0/libsrc/devcfg_v3_4/src"
make -C ps7_cortexa9_0/libsrc/devcfg_v3_4/src -s include  "SHELL=CMD" "COMPILER=arm-none-eabi-gcc" "ARCHIVER=arm-none-eabi-ar" "COMPILER_FLAGS=  -O2 -c" "EXTRA_COMPILER_FLAGS=-mcpu=cortex-a9 -mfpu=vfpv3 -mfloat-abi=hard -nostartfiles"
"Running Make include in ps7_cortexa9_0/libsrc/dmaps_v2_1/src"
make -C ps7_cortexa9_0/libsrc/dmaps_v2_1/src -s include  "SHELL=CMD" "COMPILER=arm-none-eabi-gcc" "ARCHIVER=arm-none-eabi-ar" "COMPILER_FLAGS=  -O2 -c" "EXTRA_COMPILER_FLAGS=-mcpu=cortex-a9 -mfpu=vfpv3 -mfloat-abi=hard -nostartfiles"
"Running Make include in ps7_cortexa9_0/libsrc/emacps_v3_2/src"
make -C ps7_cortexa9_0/libsrc/emacps_v3_2/src -s include  "SHELL=CMD" "COMPILER=arm-none-eabi-gcc" "ARCHIVER=arm-none-eabi-ar" "COMPILER_FLAGS=  -O2 -c" "EXTRA_COMPILER_FLAGS=-mcpu=cortex-a9 -mfpu=vfpv3 -mfloat-abi=hard -nostartfiles"
"Running Make include in ps7_cortexa9_0/libsrc/gpiops_v3_1/src"
make -C ps7_cortexa9_0/libsrc/gpiops_v3_1/src -s include  "SHELL=CMD" "COMPILER=arm-none-eabi-gcc" "ARCHIVER=arm-none-eabi-ar" "COMPILER_FLAGS=  -O2 -c" "EXTRA_COMPILER_FLAGS=-mcpu=cortex-a9 -mfpu=vfpv3 -mfloat-abi=hard -nostartfiles"
"Running Make include in ps7_cortexa9_0/libsrc/motor_v1_0/src"
make -C ps7_cortexa9_0/libsrc/motor_v1_0/src -s include  "SHELL=CMD" "COMPILER=arm-none-eabi-gcc" "ARCHIVER=arm-none-eabi-ar" "COMPILER_FLAGS=  -O2 -c" "EXTRA_COMPILER_FLAGS=-mcpu=cortex-a9 -mfpu=vfpv3 -mfloat-abi=hard -nostartfiles"
"Running Make include in ps7_cortexa9_0/libsrc/qspips_v3_3/src"
make -C ps7_cortexa9_0/libsrc/qspips_v3_3/src -s include  "SHELL=CMD" "COMPILER=arm-none-eabi-gcc" "ARCHIVER=arm-none-eabi-ar" "COMPILER_FLAGS=  -O2 -c" "EXTRA_COMPILER_FLAGS=-mcpu=cortex-a9 -mfpu=vfpv3 -mfloat-abi=hard -nostartfiles"
"Running Make include in ps7_cortexa9_0/libsrc/scugic_v3_3/src"
make -C ps7_cortexa9_0/libsrc/scugic_v3_3/src -s include  "SHELL=CMD" "COMPILER=arm-none-eabi-gcc" "ARCHIVER=arm-none-eabi-ar" "COMPILER_FLAGS=  -O2 -c" "EXTRA_COMPILER_FLAGS=-mcpu=cortex-a9 -mfpu=vfpv3 -mfloat-abi=hard -nostartfiles"
"Running Make include in ps7_cortexa9_0/libsrc/scutimer_v2_1/src"
make -C ps7_cortexa9_0/libsrc/scutimer_v2_1/src -s include  "SHELL=CMD" "COMPILER=arm-none-eabi-gcc" "ARCHIVER=arm-none-eabi-ar" "COMPILER_FLAGS=  -O2 -c" "EXTRA_COMPILER_FLAGS=-mcpu=cortex-a9 -mfpu=vfpv3 -mfloat-abi=hard -nostartfiles"
"Running Make include in ps7_cortexa9_0/libsrc/scuwdt_v2_1/src"
make -C ps7_cortexa9_0/libsrc/scuwdt_v2_1/src -s include  "SHELL=CMD" "COMPILER=arm-none-eabi-gcc" "ARCHIVER=arm-none-eabi-ar" "COMPILER_FLAGS=  -O2 -c" "EXTRA_COMPILER_FLAGS=-mcpu=cortex-a9 -mfpu=vfpv3 -mfloat-abi=hard -nostartfiles"
"Running Make include in ps7_cortexa9_0/libsrc/sdps_v2_8/src"
make -C ps7_cortexa9_0/libsrc/sdps_v2_8/src -s include  "SHELL=CMD" "COMPILER=arm-none-eabi-gcc" "ARCHIVER=arm-none-eabi-ar" "COMPILER_FLAGS=  -O2 -c" "EXTRA_COMPILER_FLAGS=-mcpu=cortex-a9 -mfpu=vfpv3 -mfloat-abi=hard -nostartfiles"
"Running Make include in ps7_cortexa9_0/libsrc/standalone_v5_5/src"
make -C ps7_cortexa9_0/libsrc/standalone_v5_5/src -s include  "SHELL=CMD" "COMPILER=arm-none-eabi-gcc" "ARCHIVER=arm-none-eabi-ar" "COMPILER_FLAGS=  -O2 -c" "EXTRA_COMPILER_FLAGS=-mcpu=cortex-a9 -mfpu=vfpv3 -mfloat-abi=hard -nostartfiles"
"Running Make include in ps7_cortexa9_0/libsrc/ttcps_v3_1/src"
make -C ps7_cortexa9_0/libsrc/ttcps_v3_1/src -s include  "SHELL=CMD" "COMPILER=arm-none-eabi-gcc" "ARCHIVER=arm-none-eabi-ar" "COMPILER_FLAGS=  -O2 -c" "EXTRA_COMPILER_FLAGS=-mcpu=cortex-a9 -mfpu=vfpv3 -mfloat-abi=hard -nostartfiles"
"Running Make include in ps7_cortexa9_0/libsrc/uartps_v3_1/src"
make -C ps7_cortexa9_0/libsrc/uartps_v3_1/src -s include  "SHELL=CMD" "COMPILER=arm-none-eabi-gcc" "ARCHIVER=arm-none-eabi-ar" "COMPILER_FLAGS=  -O2 -c" "EXTRA_COMPILER_FLAGS=-mcpu=cortex-a9 -mfpu=vfpv3 -mfloat-abi=hard -nostartfiles"
"Running Make include in ps7_cortexa9_0/libsrc/usbps_v2_4/src"
make -C ps7_cortexa9_0/libsrc/usbps_v2_4/src -s include  "SHELL=CMD" "COMPILER=arm-none-eabi-gcc" "ARCHIVER=arm-none-eabi-ar" "COMPILER_FLAGS=  -O2 -c" "EXTRA_COMPILER_FLAGS=-mcpu=cortex-a9 -mfpu=vfpv3 -mfloat-abi=hard -nostartfiles"
"Running Make include in ps7_cortexa9_0/libsrc/xadcps_v2_2/src"
make -C ps7_cortexa9_0/libsrc/xadcps_v2_2/src -s include  "SHELL=CMD" "COMPILER=arm-none-eabi-gcc" "ARCHIVER=arm-none-eabi-ar" "COMPILER_FLAGS=  -O2 -c" "EXTRA_COMPILER_FLAGS=-mcpu=cortex-a9 -mfpu=vfpv3 -mfloat-abi=hard -nostartfiles"
"Running Make libs in ps7_cortexa9_0/libsrc/coresightps_dcc_v1_2/src"
make -C ps7_cortexa9_0/libsrc/coresightps_dcc_v1_2/src -s libs  "SHELL=CMD" "COMPILER=arm-none-eabi-gcc" "ARCHIVER=arm-none-eabi-ar" "COMPILER_FLAGS=  -O2 -c" "EXTRA_COMPILER_FLAGS=-mcpu=cortex-a9 -mfpu=vfpv3 -mfloat-abi=hard -nostartfiles"
"Compiling coresightps_dcc"
arm-none-eabi-ar: 正在创建 ../../../lib/libxil.a
"Running Make libs in ps7_cortexa9_0/libsrc/cpu_cortexa9_v2_2/src"
make -C ps7_cortexa9_0/libsrc/cpu_cortexa9_v2_2/src -s libs  "SHELL=CMD" "COMPILER=arm-none-eabi-gcc" "ARCHIVER=arm-none-eabi-ar" "COMPILER_FLAGS=  -O2 -c" "EXTRA_COMPILER_FLAGS=-mcpu=cortex-a9 -mfpu=vfpv3 -mfloat-abi=hard -nostartfiles"
"Compiling cpu_cortexa9"
"Running Make libs in ps7_cortexa9_0/libsrc/ddrps_v1_0/src"
make -C ps7_cortexa9_0/libsrc/ddrps_v1_0/src -s libs  "SHELL=CMD" "COMPILER=arm-none-eabi-gcc" "ARCHIVER=arm-none-eabi-ar" "COMPILER_FLAGS=  -O2 -c" "EXTRA_COMPILER_FLAGS=-mcpu=cortex-a9 -mfpu=vfpv3 -mfloat-abi=hard -nostartfiles"
"Compiling ddrps"
"Running Make libs in ps7_cortexa9_0/libsrc/devcfg_v3_4/src"
make -C ps7_cortexa9_0/libsrc/devcfg_v3_4/src -s libs  "SHELL=CMD" "COMPILER=arm-none-eabi-gcc" "ARCHIVER=arm-none-eabi-ar" "COMPILER_FLAGS=  -O2 -c" "EXTRA_COMPILER_FLAGS=-mcpu=cortex-a9 -mfpu=vfpv3 -mfloat-abi=hard -nostartfiles"
"Compiling devcfg"
"Running Make libs in ps7_cortexa9_0/libsrc/dmaps_v2_1/src"
make -C ps7_cortexa9_0/libsrc/dmaps_v2_1/src -s libs  "SHELL=CMD" "COMPILER=arm-none-eabi-gcc" "ARCHIVER=arm-none-eabi-ar" "COMPILER_FLAGS=  -O2 -c" "EXTRA_COMPILER_FLAGS=-mcpu=cortex-a9 -mfpu=vfpv3 -mfloat-abi=hard -nostartfiles"
"Compiling dmaps"
"Running Make libs in ps7_cortexa9_0/libsrc/emacps_v3_2/src"
make -C ps7_cortexa9_0/libsrc/emacps_v3_2/src -s libs  "SHELL=CMD" "COMPILER=arm-none-eabi-gcc" "ARCHIVER=arm-none-eabi-ar" "COMPILER_FLAGS=  -O2 -c" "EXTRA_COMPILER_FLAGS=-mcpu=cortex-a9 -mfpu=vfpv3 -mfloat-abi=hard -nostartfiles"
"Compiling emacps"
"Running Make libs in ps7_cortexa9_0/libsrc/gpiops_v3_1/src"
make -C ps7_cortexa9_0/libsrc/gpiops_v3_1/src -s libs  "SHELL=CMD" "COMPILER=arm-none-eabi-gcc" "ARCHIVER=arm-none-eabi-ar" "COMPILER_FLAGS=  -O2 -c" "EXTRA_COMPILER_FLAGS=-mcpu=cortex-a9 -mfpu=vfpv3 -mfloat-abi=hard -nostartfiles"
"Compiling gpiops"
"Running Make libs in ps7_cortexa9_0/libsrc/motor_v1_0/src"
make -C ps7_cortexa9_0/libsrc/motor_v1_0/src -s libs  "SHELL=CMD" "COMPILER=arm-none-eabi-gcc" "ARCHIVER=arm-none-eabi-ar" "COMPILER_FLAGS=  -O2 -c" "EXTRA_COMPILER_FLAGS=-mcpu=cortex-a9 -mfpu=vfpv3 -mfloat-abi=hard -nostartfiles"
"Compiling motor..."
"Running Make libs in ps7_cortexa9_0/libsrc/qspips_v3_3/src"
make -C ps7_cortexa9_0/libsrc/qspips_v3_3/src -s libs  "SHELL=CMD" "COMPILER=arm-none-eabi-gcc" "ARCHIVER=arm-none-eabi-ar" "COMPILER_FLAGS=  -O2 -c" "EXTRA_COMPILER_FLAGS=-mcpu=cortex-a9 -mfpu=vfpv3 -mfloat-abi=hard -nostartfiles"
"Compiling qspips"
"Running Make libs in ps7_cortexa9_0/libsrc/scugic_v3_3/src"
make -C ps7_cortexa9_0/libsrc/scugic_v3_3/src -s libs  "SHELL=CMD" "COMPILER=arm-none-eabi-gcc" "ARCHIVER=arm-none-eabi-ar" "COMPILER_FLAGS=  -O2 -c" "EXTRA_COMPILER_FLAGS=-mcpu=cortex-a9 -mfpu=vfpv3 -mfloat-abi=hard -nostartfiles"
"Compiling scugic"
"Running Make libs in ps7_cortexa9_0/libsrc/scutimer_v2_1/src"
make -C ps7_cortexa9_0/libsrc/scutimer_v2_1/src -s libs  "SHELL=CMD" "COMPILER=arm-none-eabi-gcc" "ARCHIVER=arm-none-eabi-ar" "COMPILER_FLAGS=  -O2 -c" "EXTRA_COMPILER_FLAGS=-mcpu=cortex-a9 -mfpu=vfpv3 -mfloat-abi=hard -nostartfiles"
"Compiling scutimer"
"Running Make libs in ps7_cortexa9_0/libsrc/scuwdt_v2_1/src"
make -C ps7_cortexa9_0/libsrc/scuwdt_v2_1/src -s libs  "SHELL=CMD" "COMPILER=arm-none-eabi-gcc" "ARCHIVER=arm-none-eabi-ar" "COMPILER_FLAGS=  -O2 -c" "EXTRA_COMPILER_FLAGS=-mcpu=cortex-a9 -mfpu=vfpv3 -mfloat-abi=hard -nostartfiles"
"Compiling scuwdt"
"Running Make libs in ps7_cortexa9_0/libsrc/sdps_v2_8/src"
make -C ps7_cortexa9_0/libsrc/sdps_v2_8/src -s libs  "SHELL=CMD" "COMPILER=arm-none-eabi-gcc" "ARCHIVER=arm-none-eabi-ar" "COMPILER_FLAGS=  -O2 -c" "EXTRA_COMPILER_FLAGS=-mcpu=cortex-a9 -mfpu=vfpv3 -mfloat-abi=hard -nostartfiles"
"Compiling sdps"
"Running Make libs in ps7_cortexa9_0/libsrc/standalone_v5_5/src"
make -C ps7_cortexa9_0/libsrc/standalone_v5_5/src -s libs  "SHELL=CMD" "COMPILER=arm-none-eabi-gcc" "ARCHIVER=arm-none-eabi-ar" "COMPILER_FLAGS=  -O2 -c" "EXTRA_COMPILER_FLAGS=-mcpu=cortex-a9 -mfpu=vfpv3 -mfloat-abi=hard -nostartfiles"
"Compiling standalone"
"Running Make libs in ps7_cortexa9_0/libsrc/ttcps_v3_1/src"
[...]
make pre-build main-build 
a9-linaro-pre-build-step
 
make: Nothing to be done for `main-build'.
15:23:31 **** Auto Build of configuration Debug for project motor3 ****
make pre-build main-build 
a9-linaro-pre-build-step
 
Building file: ../src/motor.c
Invoking: ARM v7 gcc compiler
arm-none-eabi-gcc -Wall -O0 -g3 -c -fmessage-length=0 -MT"src/motor.o" -mcpu=cortex-a9 -mfpu=vfpv3 -mfloat-abi=hard -I../../motor3_bsp/ps7_cortexa9_0/include -MMD -MP -MF"src/motor.d" -MT"src/motor.o" -o "src/motor.o" "../src/motor.c"
Finished building: ../src/motor.c
 
Building target: motor3.elf
Invoking: ARM v7 gcc linker
arm-none-eabi-gcc -mcpu=cortex-a9 -mfpu=vfpv3 -mfloat-abi=hard -Wl,-build-id=none -specs=Xilinx.spec -Wl,-T -Wl,../src/lscript.ld -L../../motor3_bsp/ps7_cortexa9_0/lib -o "motor3.elf"  ./src/helloworld.o ./src/lidar_sys.o ./src/motor.o ./src/platform.o   -Wl,--start-group,-lxil,-lgcc,-lc,--end-group
Finished building target: motor3.elf
 
Invoking: ARM v7 Print Size
arm-none-eabi-size motor3.elf  |tee "motor3.elf.size"
   text	   data	    bss	    dec	    hex	filename
  27160	   1152	 317492	 345804	  546cc	motor3.elf
Finished building: motor3.elf.size
 
15:23:56 **** Incremental Build of configuration Debug for project motor3 ****
make pre-build main-build 
a9-linaro-pre-build-step
 
make: Nothing to be done for `main-build'.
15:24:56 **** Incremental Build of configuration Debug for project motor3 ****
make pre-build main-build 
a9-linaro-pre-build-step
 
make: Nothing to be done for `main-build'.
15:25:20 **** Auto Build of configuration Debug for project motor3 ****
make pre-build main-build 
a9-linaro-pre-build-step
 
Building file: ../src/motor.c
Invoking: ARM v7 gcc compiler
arm-none-eabi-gcc -Wall -O0 -g3 -c -fmessage-length=0 -MT"src/motor.o" -mcpu=cortex-a9 -mfpu=vfpv3 -mfloat-abi=hard -I../../motor3_bsp/ps7_cortexa9_0/include -MMD -MP -MF"src/motor.d" -MT"src/motor.o" -o "src/motor.o" "../src/motor.c"
Finished building: ../src/motor.c
 
Building target: motor3.elf
Invoking: ARM v7 gcc linker
arm-none-eabi-gcc -mcpu=cortex-a9 -mfpu=vfpv3 -mfloat-abi=hard -Wl,-build-id=none -specs=Xilinx.spec -Wl,-T -Wl,../src/lscript.ld -L../../motor3_bsp/ps7_cortexa9_0/lib -o "motor3.elf"  ./src/helloworld.o ./src/lidar_sys.o ./src/motor.o ./src/platform.o   -Wl,--start-group,-lxil,-lgcc,-lc,--end-group
Finished building target: motor3.elf
 
Invoking: ARM v7 Print Size
arm-none-eabi-size motor3.elf  |tee "motor3.elf.size"
   text	   data	    bss	    dec	    hex	filename
  27224	   1152	 317492	 345868	  5470c	motor3.elf
Finished building: motor3.elf.size
 
15:25:23 **** Incremental Build of configuration Debug for project motor3 ****
make pre-build main-build 
a9-linaro-pre-build-step
 
make: Nothing to be done for `main-build'.
15:26:00 **** Auto Build of configuration Debug for project motor3 ****
make pre-build main-build 
a9-linaro-pre-build-step
 
Building file: ../src/helloworld.c
Invoking: ARM v7 gcc compiler
arm-none-eabi-gcc -Wall -O0 -g3 -c -fmessage-length=0 -MT"src/helloworld.o" -mcpu=cortex-a9 -mfpu=vfpv3 -mfloat-abi=hard -I../../motor3_bsp/ps7_cortexa9_0/include -MMD -MP -MF"src/helloworld.d" -MT"src/helloworld.o" -o "src/helloworld.o" "../src/helloworld.c"
Finished building: ../src/helloworld.c
 
Building target: motor3.elf
Invoking: ARM v7 gcc linker
arm-none-eabi-gcc -mcpu=cortex-a9 -mfpu=vfpv3 -mfloat-abi=hard -Wl,-build-id=none -specs=Xilinx.spec -Wl,-T -Wl,../src/lscript.ld -L../../motor3_bsp/ps7_cortexa9_0/lib -o "motor3.elf"  ./src/helloworld.o ./src/lidar_sys.o ./src/motor.o ./src/platform.o   -Wl,--start-group,-lxil,-lgcc,-lc,--end-group
Finished building target: motor3.elf
 
Invoking: ARM v7 Print Size
arm-none-eabi-size motor3.elf  |tee "motor3.elf.size"
   text	   data	    bss	    dec	    hex	filename
  27224	   1152	 317492	 345868	  5470c	motor3.elf
Finished building: motor3.elf.size
 
15:26:38 **** Auto Build of configuration Debug for project motor3 ****
make pre-build main-build 
a9-linaro-pre-build-step
 
Building file: ../src/helloworld.c
Invoking: ARM v7 gcc compiler
arm-none-eabi-gcc -Wall -O0 -g3 -c -fmessage-length=0 -MT"src/helloworld.o" -mcpu=cortex-a9 -mfpu=vfpv3 -mfloat-abi=hard -I../../motor3_bsp/ps7_cortexa9_0/include -MMD -MP -MF"src/helloworld.d" -MT"src/helloworld.o" -o "src/helloworld.o" "../src/helloworld.c"
Finished building: ../src/helloworld.c
 
Building target: motor3.elf
Invoking: ARM v7 gcc linker
arm-none-eabi-gcc -mcpu=cortex-a9 -mfpu=vfpv3 -mfloat-abi=hard -Wl,-build-id=none -specs=Xilinx.spec -Wl,-T -Wl,../src/lscript.ld -L../../motor3_bsp/ps7_cortexa9_0/lib -o "motor3.elf"  ./src/helloworld.o ./src/lidar_sys.o ./src/motor.o ./src/platform.o   -Wl,--start-group,-lxil,-lgcc,-lc,--end-group
Finished building target: motor3.elf
 
Invoking: ARM v7 Print Size
arm-none-eabi-size motor3.elf  |tee "motor3.elf.size"
   text	   data	    bss	    dec	    hex	filename
  27224	   1152	 317492	 345868	  5470c	motor3.elf
Finished building: motor3.elf.size
 
15:27:16 **** Incremental Build of configuration Debug for project motor3 ****
make pre-build main-build 
a9-linaro-pre-build-step
 
make: Nothing to be done for `main-build'.
15:27:41 **** Auto Build of configuration Debug for project motor3 ****
make pre-build main-build 
a9-linaro-pre-build-step
 
Building file: ../src/helloworld.c
Invoking: ARM v7 gcc compiler
arm-none-eabi-gcc -Wall -O0 -g3 -c -fmessage-length=0 -MT"src/helloworld.o" -mcpu=cortex-a9 -mfpu=vfpv3 -mfloat-abi=hard -I../../motor3_bsp/ps7_cortexa9_0/include -MMD -MP -MF"src/helloworld.d" -MT"src/helloworld.o" -o "src/helloworld.o" "../src/helloworld.c"
Finished building: ../src/helloworld.c
 
Building target: motor3.elf
Invoking: ARM v7 gcc linker
arm-none-eabi-gcc -mcpu=cortex-a9 -mfpu=vfpv3 -mfloat-abi=hard -Wl,-build-id=none -specs=Xilinx.spec -Wl,-T -Wl,../src/lscript.ld -L../../motor3_bsp/ps7_cortexa9_0/lib -o "motor3.elf"  ./src/helloworld.o ./src/lidar_sys.o ./src/motor.o ./src/platform.o   -Wl,--start-group,-lxil,-lgcc,-lc,--end-group
Finished building target: motor3.elf
 
Invoking: ARM v7 Print Size
arm-none-eabi-size motor3.elf  |tee "motor3.elf.size"
   text	   data	    bss	    dec	    hex	filename
  27224	   1152	 317492	 345868	  5470c	motor3.elf
Finished building: motor3.elf.size
 
15:27:45 **** Incremental Build of configuration Debug for project motor3 ****
make pre-build main-build 
a9-linaro-pre-build-step
 
make: Nothing to be done for `main-build'.
15:28:17 **** Incremental Build of configuration Debug for project motor3 ****
make pre-build main-build 
a9-linaro-pre-build-step
 
make: Nothing to be done for `main-build'.
15:29:25 **** Auto Build of configuration Debug for project motor3 ****
make pre-build main-build 
a9-linaro-pre-build-step
 
Building file: ../src/helloworld.c
Invoking: ARM v7 gcc compiler
arm-none-eabi-gcc -Wall -O0 -g3 -c -fmessage-length=0 -MT"src/helloworld.o" -mcpu=cortex-a9 -mfpu=vfpv3 -mfloat-abi=hard -I../../motor3_bsp/ps7_cortexa9_0/include -MMD -MP -MF"src/helloworld.d" -MT"src/helloworld.o" -o "src/helloworld.o" "../src/helloworld.c"
Finished building: ../src/helloworld.c
 
Building target: motor3.elf
Invoking: ARM v7 gcc linker
arm-none-eabi-gcc -mcpu=cortex-a9 -mfpu=vfpv3 -mfloat-abi=hard -Wl,-build-id=none -specs=Xilinx.spec -Wl,-T -Wl,../src/lscript.ld -L../../motor3_bsp/ps7_cortexa9_0/lib -o "motor3.elf"  ./src/helloworld.o ./src/lidar_sys.o ./src/motor.o ./src/platform.o   -Wl,--start-group,-lxil,-lgcc,-lc,--end-group
Finished building target: motor3.elf
 
Invoking: ARM v7 Print Size
arm-none-eabi-size motor3.elf  |tee "motor3.elf.size"
   text	   data	    bss	    dec	    hex	filename
  27224	   1152	 317492	 345868	  5470c	motor3.elf
Finished building: motor3.elf.size
 
15:29:27 **** Incremental Build of configuration Debug for project motor3 ****
make pre-build main-build 
a9-linaro-pre-build-step
 
make: Nothing to be done for `main-build'.
15:29:41 **** Incremental Build of configuration Debug for project motor3 ****
make pre-build main-build 
a9-linaro-pre-build-step
 
make: Nothing to be done for `main-build'.
15:30:33 **** Auto Build of configuration Debug for project motor3 ****
make pre-build main-build 
a9-linaro-pre-build-step
 
Building file: ../src/helloworld.c
Invoking: ARM v7 gcc compiler
arm-none-eabi-gcc -Wall -O0 -g3 -c -fmessage-length=0 -MT"src/helloworld.o" -mcpu=cortex-a9 -mfpu=vfpv3 -mfloat-abi=hard -I../../motor3_bsp/ps7_cortexa9_0/include -MMD -MP -MF"src/helloworld.d" -MT"src/helloworld.o" -o "src/helloworld.o" "../src/helloworld.c"
Finished building: ../src/helloworld.c
 
Building target: motor3.elf
Invoking: ARM v7 gcc linker
arm-none-eabi-gcc -mcpu=cortex-a9 -mfpu=vfpv3 -mfloat-abi=hard -Wl,-build-id=none -specs=Xilinx.spec -Wl,-T -Wl,../src/lscript.ld -L../../motor3_bsp/ps7_cortexa9_0/lib -o "motor3.elf"  ./src/helloworld.o ./src/lidar_sys.o ./src/motor.o ./src/platform.o   -Wl,--start-group,-lxil,-lgcc,-lc,--end-group
Finished building target: motor3.elf
 
Invoking: ARM v7 Print Size
arm-none-eabi-size motor3.elf  |tee "motor3.elf.size"
   text	   data	    bss	    dec	    hex	filename
  27224	   1152	 317492	 345868	  5470c	motor3.elf
Finished building: motor3.elf.size
 
15:30:36 **** Incremental Build of configuration Debug for project motor3 ****
make pre-build main-build 
a9-linaro-pre-build-step
 
make: Nothing to be done for `main-build'.
15:31:27 **** Auto Build of configuration Debug for project motor3 ****
make pre-build main-build 
a9-linaro-pre-build-step
 
Building file: ../src/helloworld.c
Invoking: ARM v7 gcc compiler
arm-none-eabi-gcc -Wall -O0 -g3 -c -fmessage-length=0 -MT"src/helloworld.o" -mcpu=cortex-a9 -mfpu=vfpv3 -mfloat-abi=hard -I../../motor3_bsp/ps7_cortexa9_0/include -MMD -MP -MF"src/helloworld.d" -MT"src/helloworld.o" -o "src/helloworld.o" "../src/helloworld.c"
Finished building: ../src/helloworld.c
 
Building target: motor3.elf
Invoking: ARM v7 gcc linker
arm-none-eabi-gcc -mcpu=cortex-a9 -mfpu=vfpv3 -mfloat-abi=hard -Wl,-build-id=none -specs=Xilinx.spec -Wl,-T -Wl,../src/lscript.ld -L../../motor3_bsp/ps7_cortexa9_0/lib -o "motor3.elf"  ./src/helloworld.o ./src/lidar_sys.o ./src/motor.o ./src/platform.o   -Wl,--start-group,-lxil,-lgcc,-lc,--end-group
Finished building target: motor3.elf
 
Invoking: ARM v7 Print Size
arm-none-eabi-size motor3.elf  |tee "motor3.elf.size"
   text	   data	    bss	    dec	    hex	filename
  27224	   1152	 317492	 345868	  5470c	motor3.elf
Finished building: motor3.elf.size
 
15:31:41 **** Incremental Build of configuration Debug for project motor3 ****
make pre-build main-build 
a9-linaro-pre-build-step
 
make: Nothing to be done for `main-build'.
15:32:25 **** Auto Build of configuration Debug for project motor3 ****
make pre-build main-build 
a9-linaro-pre-build-step
 
Building file: ../src/helloworld.c
Invoking: ARM v7 gcc compiler
arm-none-eabi-gcc -Wall -O0 -g3 -c -fmessage-length=0 -MT"src/helloworld.o" -mcpu=cortex-a9 -mfpu=vfpv3 -mfloat-abi=hard -I../../motor3_bsp/ps7_cortexa9_0/include -MMD -MP -MF"src/helloworld.d" -MT"src/helloworld.o" -o "src/helloworld.o" "../src/helloworld.c"
Finished building: ../src/helloworld.c
 
Building target: motor3.elf
Invoking: ARM v7 gcc linker
arm-none-eabi-gcc -mcpu=cortex-a9 -mfpu=vfpv3 -mfloat-abi=hard -Wl,-build-id=none -specs=Xilinx.spec -Wl,-T -Wl,../src/lscript.ld -L../../motor3_bsp/ps7_cortexa9_0/lib -o "motor3.elf"  ./src/helloworld.o ./src/lidar_sys.o ./src/motor.o ./src/platform.o   -Wl,--start-group,-lxil,-lgcc,-lc,--end-group
Finished building target: motor3.elf
 
Invoking: ARM v7 Print Size
arm-none-eabi-size motor3.elf  |tee "motor3.elf.size"
   text	   data	    bss	    dec	    hex	filename
  27224	   1152	 317492	 345868	  5470c	motor3.elf
Finished building: motor3.elf.size
 
15:32:38 **** Incremental Build of configuration Debug for project motor3 ****
make pre-build main-build 
a9-linaro-pre-build-step
 
make: Nothing to be done for `main-build'.
15:33:27 **** Auto Build of configuration Debug for project motor3 ****
make pre-build main-build 
a9-linaro-pre-build-step
 
Building file: ../src/helloworld.c
Invoking: ARM v7 gcc compiler
arm-none-eabi-gcc -Wall -O0 -g3 -c -fmessage-length=0 -MT"src/helloworld.o" -mcpu=cortex-a9 -mfpu=vfpv3 -mfloat-abi=hard -I../../motor3_bsp/ps7_cortexa9_0/include -MMD -MP -MF"src/helloworld.d" -MT"src/helloworld.o" -o "src/helloworld.o" "../src/helloworld.c"
Finished building: ../src/helloworld.c
 
Building target: motor3.elf
Invoking: ARM v7 gcc linker
arm-none-eabi-gcc -mcpu=cortex-a9 -mfpu=vfpv3 -mfloat-abi=hard -Wl,-build-id=none -specs=Xilinx.spec -Wl,-T -Wl,../src/lscript.ld -L../../motor3_bsp/ps7_cortexa9_0/lib -o "motor3.elf"  ./src/helloworld.o ./src/lidar_sys.o ./src/motor.o ./src/platform.o   -Wl,--start-group,-lxil,-lgcc,-lc,--end-group
Finished building target: motor3.elf
 
Invoking: ARM v7 Print Size
arm-none-eabi-size motor3.elf  |tee "motor3.elf.size"
   text	   data	    bss	    dec	    hex	filename
  27224	   1152	 317492	 345868	  5470c	motor3.elf
Finished building: motor3.elf.size
 
15:34:29 **** Auto Build of configuration Debug for project motor3 ****
make pre-build main-build 
a9-linaro-pre-build-step
 
Building file: ../src/helloworld.c
Invoking: ARM v7 gcc compiler
arm-none-eabi-gcc -Wall -O0 -g3 -c -fmessage-length=0 -MT"src/helloworld.o" -mcpu=cortex-a9 -mfpu=vfpv3 -mfloat-abi=hard -I../../motor3_bsp/ps7_cortexa9_0/include -MMD -MP -MF"src/helloworld.d" -MT"src/helloworld.o" -o "src/helloworld.o" "../src/helloworld.c"
Finished building: ../src/helloworld.c
 
Building target: motor3.elf
Invoking: ARM v7 gcc linker
arm-none-eabi-gcc -mcpu=cortex-a9 -mfpu=vfpv3 -mfloat-abi=hard -Wl,-build-id=none -specs=Xilinx.spec -Wl,-T -Wl,../src/lscript.ld -L../../motor3_bsp/ps7_cortexa9_0/lib -o "motor3.elf"  ./src/helloworld.o ./src/lidar_sys.o ./src/motor.o ./src/platform.o   -Wl,--start-group,-lxil,-lgcc,-lc,--end-group
Finished building target: motor3.elf
 
Invoking: ARM v7 Print Size
arm-none-eabi-size motor3.elf  |tee "motor3.elf.size"
   text	   data	    bss	    dec	    hex	filename
  27224	   1152	 317492	 345868	  5470c	motor3.elf
Finished building: motor3.elf.size
 
15:34:47 **** Incremental Build of configuration Debug for project motor3 ****
make pre-build main-build 
a9-linaro-pre-build-step
 
make: Nothing to be done for `main-build'.
15:35:32 **** Auto Build of configuration Debug for project motor3 ****
make pre-build main-build 
a9-linaro-pre-build-step
 
Building file: ../src/motor.c
Invoking: ARM v7 gcc compiler
arm-none-eabi-gcc -Wall -O0 -g3 -c -fmessage-length=0 -MT"src/motor.o" -mcpu=cortex-a9 -mfpu=vfpv3 -mfloat-abi=hard -I../../motor3_bsp/ps7_cortexa9_0/include -MMD -MP -MF"src/motor.d" -MT"src/motor.o" -o "src/motor.o" "../src/motor.c"
Finished building: ../src/motor.c
 
Building target: motor3.elf
Invoking: ARM v7 gcc linker
arm-none-eabi-gcc -mcpu=cortex-a9 -mfpu=vfpv3 -mfloat-abi=hard -Wl,-build-id=none -specs=Xilinx.spec -Wl,-T -Wl,../src/lscript.ld -L../../motor3_bsp/ps7_cortexa9_0/lib -o "motor3.elf"  ./src/helloworld.o ./src/lidar_sys.o ./src/motor.o ./src/platform.o   -Wl,--start-group,-lxil,-lgcc,-lc,--end-group
Finished building target: motor3.elf
 
Invoking: ARM v7 Print Size
arm-none-eabi-size motor3.elf  |tee "motor3.elf.size"
   text	   data	    bss	    dec	    hex	filename
  27224	   1152	 317492	 345868	  5470c	motor3.elf
Finished building: motor3.elf.size
 
15:35:43 **** Auto Build of configuration Debug for project motor3 ****
make pre-build main-build 
a9-linaro-pre-build-step
 
Building file: ../src/helloworld.c
Invoking: ARM v7 gcc compiler
arm-none-eabi-gcc -Wall -O0 -g3 -c -fmessage-length=0 -MT"src/helloworld.o" -mcpu=cortex-a9 -mfpu=vfpv3 -mfloat-abi=hard -I../../motor3_bsp/ps7_cortexa9_0/include -MMD -MP -MF"src/helloworld.d" -MT"src/helloworld.o" -o "src/helloworld.o" "../src/helloworld.c"
Finished building: ../src/helloworld.c
 
Building target: motor3.elf
Invoking: ARM v7 gcc linker
arm-none-eabi-gcc -mcpu=cortex-a9 -mfpu=vfpv3 -mfloat-abi=hard -Wl,-build-id=none -specs=Xilinx.spec -Wl,-T -Wl,../src/lscript.ld -L../../motor3_bsp/ps7_cortexa9_0/lib -o "motor3.elf"  ./src/helloworld.o ./src/lidar_sys.o ./src/motor.o ./src/platform.o   -Wl,--start-group,-lxil,-lgcc,-lc,--end-group
Finished building target: motor3.elf
 
Invoking: ARM v7 Print Size
arm-none-eabi-size motor3.elf  |tee "motor3.elf.size"
   text	   data	    bss	    dec	    hex	filename
  27224	   1152	 317492	 345868	  5470c	motor3.elf
Finished building: motor3.elf.size
 
15:35:48 **** Incremental Build of configuration Debug for project motor3 ****
make pre-build main-build 
a9-linaro-pre-build-step
 
make: Nothing to be done for `main-build'.
15:35:57 **** Incremental Build of configuration Debug for project motor3 ****
make pre-build main-build 
a9-linaro-pre-build-step
 
make: Nothing to be done for `main-build'.
15:36:43 **** Auto Build of configuration Debug for project motor3 ****
make pre-build main-build 
a9-linaro-pre-build-step
 
Building file: ../src/helloworld.c
Invoking: ARM v7 gcc compiler
arm-none-eabi-gcc -Wall -O0 -g3 -c -fmessage-length=0 -MT"src/helloworld.o" -mcpu=cortex-a9 -mfpu=vfpv3 -mfloat-abi=hard -I../../motor3_bsp/ps7_cortexa9_0/include -MMD -MP -MF"src/helloworld.d" -MT"src/helloworld.o" -o "src/helloworld.o" "../src/helloworld.c"
Finished building: ../src/helloworld.c
 
Building target: motor3.elf
Invoking: ARM v7 gcc linker
arm-none-eabi-gcc -mcpu=cortex-a9 -mfpu=vfpv3 -mfloat-abi=hard -Wl,-build-id=none -specs=Xilinx.spec -Wl,-T -Wl,../src/lscript.ld -L../../motor3_bsp/ps7_cortexa9_0/lib -o "motor3.elf"  ./src/helloworld.o ./src/lidar_sys.o ./src/motor.o ./src/platform.o   -Wl,--start-group,-lxil,-lgcc,-lc,--end-group
Finished building target: motor3.elf
 
Invoking: ARM v7 Print Size
arm-none-eabi-size motor3.elf  |tee "motor3.elf.size"
   text	   data	    bss	    dec	    hex	filename
  27224	   1152	 317492	 345868	  5470c	motor3.elf
Finished building: motor3.elf.size
 
15:36:53 **** Incremental Build of configuration Debug for project motor3 ****
make pre-build main-build 
a9-linaro-pre-build-step
 
make: Nothing to be done for `main-build'.
15:37:55 **** Auto Build of configuration Debug for project motor3 ****
make pre-build main-build 
a9-linaro-pre-build-step
 
Building file: ../src/helloworld.c
Invoking: ARM v7 gcc compiler
arm-none-eabi-gcc -Wall -O0 -g3 -c -fmessage-length=0 -MT"src/helloworld.o" -mcpu=cortex-a9 -mfpu=vfpv3 -mfloat-abi=hard -I../../motor3_bsp/ps7_cortexa9_0/include -MMD -MP -MF"src/helloworld.d" -MT"src/helloworld.o" -o "src/helloworld.o" "../src/helloworld.c"
Finished building: ../src/helloworld.c
 
Building target: motor3.elf
Invoking: ARM v7 gcc linker
arm-none-eabi-gcc -mcpu=cortex-a9 -mfpu=vfpv3 -mfloat-abi=hard -Wl,-build-id=none -specs=Xilinx.spec -Wl,-T -Wl,../src/lscript.ld -L../../motor3_bsp/ps7_cortexa9_0/lib -o "motor3.elf"  ./src/helloworld.o ./src/lidar_sys.o ./src/motor.o ./src/platform.o   -Wl,--start-group,-lxil,-lgcc,-lc,--end-group
Finished building target: motor3.elf
 
Invoking: ARM v7 Print Size
arm-none-eabi-size motor3.elf  |tee "motor3.elf.size"
   text	   data	    bss	    dec	    hex	filename
  27224	   1152	 317492	 345868	  5470c	motor3.elf
Finished building: motor3.elf.size
 
15:38:30 **** Incremental Build of configuration Debug for project motor3 ****
make pre-build main-build 
a9-linaro-pre-build-step
 
make: Nothing to be done for `main-build'.
15:38:37 **** Incremental Build of configuration Debug for project motor3 ****
make pre-build main-build 
a9-linaro-pre-build-step
 
make: Nothing to be done for `main-build'.
15:38:43 **** Incremental Build of configuration Debug for project motor3 ****
make pre-build main-build 
a9-linaro-pre-build-step
 
make: Nothing to be done for `main-build'.
15:38:55 **** Incremental Build of configuration Debug for project motor3 ****
make pre-build main-build 
a9-linaro-pre-build-step
 
make: Nothing to be done for `main-build'.
